Archive member included to satisfy reference by file (symbol)

/home/naokiiwaoka/.pebble-sdk/SDKs/current/sdk-core/pebble/aplite/lib/libpebble.a(tmp7jpKUopebble.o)
                              src/c/main.c.57.o (app_event_loop)
/home/naokiiwaoka/.pebble-sdk/SDKs/4.33.1/toolchain/arm-none-eabi/bin/../lib/gcc/arm-none-eabi/14.2.1/../../../../arm-none-eabi/lib/thumb/v7-m/nofp/libc.a(libc_a-atexit.o)
                              /home/naokiiwaoka/.pebble-sdk/SDKs/4.33.1/toolchain/arm-none-eabi/bin/../lib/gcc/arm-none-eabi/14.2.1/../../../../arm-none-eabi/lib/thumb/v7-m/nofp/crt0.o (atexit)
/home/naokiiwaoka/.pebble-sdk/SDKs/4.33.1/toolchain/arm-none-eabi/bin/../lib/gcc/arm-none-eabi/14.2.1/../../../../arm-none-eabi/lib/thumb/v7-m/nofp/libc.a(libc_a-exit.o)
                              /home/naokiiwaoka/.pebble-sdk/SDKs/4.33.1/toolchain/arm-none-eabi/bin/../lib/gcc/arm-none-eabi/14.2.1/../../../../arm-none-eabi/lib/thumb/v7-m/nofp/crt0.o (exit)
/home/naokiiwaoka/.pebble-sdk/SDKs/4.33.1/toolchain/arm-none-eabi/bin/../lib/gcc/arm-none-eabi/14.2.1/../../../../arm-none-eabi/lib/thumb/v7-m/nofp/libc.a(libc_a-findfp.o)
                              /home/naokiiwaoka/.pebble-sdk/SDKs/4.33.1/toolchain/arm-none-eabi/bin/../lib/gcc/arm-none-eabi/14.2.1/../../../../arm-none-eabi/lib/thumb/v7-m/nofp/libc.a(libc_a-exit.o) (__stdio_exit_handler)
/home/naokiiwaoka/.pebble-sdk/SDKs/4.33.1/toolchain/arm-none-eabi/bin/../lib/gcc/arm-none-eabi/14.2.1/../../../../arm-none-eabi/lib/thumb/v7-m/nofp/libc.a(libc_a-fwalk.o)
                              /home/naokiiwaoka/.pebble-sdk/SDKs/4.33.1/toolchain/arm-none-eabi/bin/../lib/gcc/arm-none-eabi/14.2.1/../../../../arm-none-eabi/lib/thumb/v7-m/nofp/libc.a(libc_a-findfp.o) (_fwalk_sglue)
/home/naokiiwaoka/.pebble-sdk/SDKs/4.33.1/toolchain/arm-none-eabi/bin/../lib/gcc/arm-none-eabi/14.2.1/../../../../arm-none-eabi/lib/thumb/v7-m/nofp/libc.a(libc_a-stdio.o)
                              /home/naokiiwaoka/.pebble-sdk/SDKs/4.33.1/toolchain/arm-none-eabi/bin/../lib/gcc/arm-none-eabi/14.2.1/../../../../arm-none-eabi/lib/thumb/v7-m/nofp/libc.a(libc_a-findfp.o) (__sread)
/home/naokiiwaoka/.pebble-sdk/SDKs/4.33.1/toolchain/arm-none-eabi/bin/../lib/gcc/arm-none-eabi/14.2.1/../../../../arm-none-eabi/lib/thumb/v7-m/nofp/libc.a(libc_a-closer.o)
                              /home/naokiiwaoka/.pebble-sdk/SDKs/4.33.1/toolchain/arm-none-eabi/bin/../lib/gcc/arm-none-eabi/14.2.1/../../../../arm-none-eabi/lib/thumb/v7-m/nofp/libc.a(libc_a-stdio.o) (_close_r)
/home/naokiiwaoka/.pebble-sdk/SDKs/4.33.1/toolchain/arm-none-eabi/bin/../lib/gcc/arm-none-eabi/14.2.1/../../../../arm-none-eabi/lib/thumb/v7-m/nofp/libc.a(libc_a-reent.o)
                              /home/naokiiwaoka/.pebble-sdk/SDKs/4.33.1/toolchain/arm-none-eabi/bin/../lib/gcc/arm-none-eabi/14.2.1/../../../../arm-none-eabi/lib/thumb/v7-m/nofp/libc.a(libc_a-closer.o) (errno)
/home/naokiiwaoka/.pebble-sdk/SDKs/4.33.1/toolchain/arm-none-eabi/bin/../lib/gcc/arm-none-eabi/14.2.1/../../../../arm-none-eabi/lib/thumb/v7-m/nofp/libc.a(libc_a-impure.o)
                              /home/naokiiwaoka/.pebble-sdk/SDKs/4.33.1/toolchain/arm-none-eabi/bin/../lib/gcc/arm-none-eabi/14.2.1/../../../../arm-none-eabi/lib/thumb/v7-m/nofp/libc.a(libc_a-reent.o) (_impure_ptr)
/home/naokiiwaoka/.pebble-sdk/SDKs/4.33.1/toolchain/arm-none-eabi/bin/../lib/gcc/arm-none-eabi/14.2.1/../../../../arm-none-eabi/lib/thumb/v7-m/nofp/libc.a(libc_a-lseekr.o)
                              /home/naokiiwaoka/.pebble-sdk/SDKs/4.33.1/toolchain/arm-none-eabi/bin/../lib/gcc/arm-none-eabi/14.2.1/../../../../arm-none-eabi/lib/thumb/v7-m/nofp/libc.a(libc_a-stdio.o) (_lseek_r)
/home/naokiiwaoka/.pebble-sdk/SDKs/4.33.1/toolchain/arm-none-eabi/bin/../lib/gcc/arm-none-eabi/14.2.1/../../../../arm-none-eabi/lib/thumb/v7-m/nofp/libc.a(libc_a-readr.o)
                              /home/naokiiwaoka/.pebble-sdk/SDKs/4.33.1/toolchain/arm-none-eabi/bin/../lib/gcc/arm-none-eabi/14.2.1/../../../../arm-none-eabi/lib/thumb/v7-m/nofp/libc.a(libc_a-stdio.o) (_read_r)
/home/naokiiwaoka/.pebble-sdk/SDKs/4.33.1/toolchain/arm-none-eabi/bin/../lib/gcc/arm-none-eabi/14.2.1/../../../../arm-none-eabi/lib/thumb/v7-m/nofp/libc.a(libc_a-writer.o)
                              /home/naokiiwaoka/.pebble-sdk/SDKs/4.33.1/toolchain/arm-none-eabi/bin/../lib/gcc/arm-none-eabi/14.2.1/../../../../arm-none-eabi/lib/thumb/v7-m/nofp/libc.a(libc_a-stdio.o) (_write_r)
/home/naokiiwaoka/.pebble-sdk/SDKs/4.33.1/toolchain/arm-none-eabi/bin/../lib/gcc/arm-none-eabi/14.2.1/../../../../arm-none-eabi/lib/thumb/v7-m/nofp/libc.a(libc_a-init.o)
                              /home/naokiiwaoka/.pebble-sdk/SDKs/4.33.1/toolchain/arm-none-eabi/bin/../lib/gcc/arm-none-eabi/14.2.1/../../../../arm-none-eabi/lib/thumb/v7-m/nofp/crt0.o (__libc_init_array)
/home/naokiiwaoka/.pebble-sdk/SDKs/4.33.1/toolchain/arm-none-eabi/bin/../lib/gcc/arm-none-eabi/14.2.1/../../../../arm-none-eabi/lib/thumb/v7-m/nofp/libc.a(libc_a-fini.o)
[...]
Memory Configuration

Name             Origin             Length             Attributes
APP              0x00000000         0x00006000         xrw
*default*        0x00000000         0xffffffff

Linker script and memory map

LOAD /home/naokiiwaoka/.pebble-sdk/SDKs/4.33.1/toolchain/arm-none-eabi/bin/../lib/gcc/arm-none-eabi/14.2.1/thumb/v7-m/nofp/crti.o
LOAD /home/naokiiwaoka/.pebble-sdk/SDKs/4.33.1/toolchain/arm-none-eabi/bin/../lib/gcc/arm-none-eabi/14.2.1/thumb/v7-m/nofp/crtbegin.o
LOAD /home/naokiiwaoka/.pebble-sdk/SDKs/4.33.1/toolchain/arm-none-eabi/bin/../lib/gcc/arm-none-eabi/14.2.1/../../../../arm-none-eabi/lib/thumb/v7-m/nofp/crt0.o
LOAD src/c/app_state.c.57.o
LOAD src/c/comm/comm_service.c.57.o
LOAD src/c/comm/graph_data.c.57.o
LOAD src/c/main.c.57.o
LOAD src/c/ui/ui_activity_picker.c.57.o
LOAD src/c/ui/ui_color_picker.c.57.o
LOAD src/c/ui/ui_graph_layer.c.57.o
LOAD src/c/ui/ui_intermediate_menu.c.57.o
LOAD src/c/ui/ui_map.c.57.o
LOAD src/c/ui/ui_marquee.c.57.o
LOAD aplite/appinfo.auto.c.57.o
LOAD aplite/src/resource_ids.auto.c.57.o
LOAD src/message_keys.auto.c.57.o
LOAD /home/naokiiwaoka/.pebble-sdk/SDKs/current/sdk-core/pebble/aplite/lib/libpebble.a
START GROUP
LOAD /home/naokiiwaoka/.pebble-sdk/SDKs/4.33.1/toolchain/arm-none-eabi/bin/../lib/gcc/arm-none-eabi/14.2.1/thumb/v7-m/nofp/libgcc.a
LOAD /home/naokiiwaoka/.pebble-sdk/SDKs/4.33.1/toolchain/arm-none-eabi/bin/../lib/gcc/arm-none-eabi/14.2.1/../../../../arm-none-eabi/lib/thumb/v7-m/nofp/libc.a
END GROUP
LOAD /home/naokiiwaoka/.pebble-sdk/SDKs/4.33.1/toolchain/arm-none-eabi/bin/../lib/gcc/arm-none-eabi/14.2.1/thumb/v7-m/nofp/crtend.o
LOAD /home/naokiiwaoka/.pebble-sdk/SDKs/4.33.1/toolchain/arm-none-eabi/bin/../lib/gcc/arm-none-eabi/14.2.1/thumb/v7-m/nofp/crtn.o

.header         0x00000000       0x82
 *(.pbl_header)
 .pbl_header    0x00000000       0x82 aplite/appinfo.auto.c.57.o
                0x00000000                __pbl_app_info

.note.gnu.build-id
                0x00000082       0x26
                [!provide]                        PROVIDE (BUILD_ID = .)
 *(.note.gnu.build-id)
 *fill*         0x00000082        0x2 
 .note.gnu.build-id
                0x00000084       0x24 linker stubs

.text           0x000000a8     0x4771
 *(.text)
 .text          0x000000a8       0x14 /home/naokiiwaoka/.pebble-sdk/SDKs/current/sdk-core/pebble/aplite/lib/libpebble.a(tmp7jpKUopebble.o)
 *(.text.*)
 .text.app_get_int_from_tuple
                0x000000bc       0x2e src/c/comm/comm_service.c.57.o
 *fill*         0x000000ea        0x2 
 .text.inbox_received_callback
                0x000000ec      0x388 src/c/comm/comm_service.c.57.o
 .text.comm_service_is_map_open_requested
                0x00000474        0xc src/c/comm/comm_service.c.57.o
                0x00000474                comm_service_is_map_open_requested
 .text.comm_service_clear_map_open_request
                0x00000480       0x10 src/c/comm/comm_service.c.57.o
                0x00000480                comm_service_clear_map_open_request
 .text.comm_service_set_ui_buffers
                0x00000490       0xa8 src/c/comm/comm_service.c.57.o
                0x00000490                comm_service_set_ui_buffers
 .text.comm_service_send_button_event
                0x00000538       0x32 src/c/comm/comm_service.c.57.o
                0x00000538                comm_service_send_button_event
 .text.comm_service_send_cmd
                0x0000056a        0x8 src/c/comm/comm_service.c.57.o
                0x0000056a                comm_service_send_cmd
 .text.comm_service_send_map_state
                0x00000572       0x20 src/c/comm/comm_service.c.57.o
                0x00000572                comm_service_send_map_state
 .text.comm_service_send_activity_type
                0x00000592       0x20 src/c/comm/comm_service.c.57.o
                0x00000592                comm_service_send_activity_type
 .text.comm_service_send_mid_id
                0x000005b2       0x20 src/c/comm/comm_service.c.57.o
                0x000005b2                comm_service_send_mid_id
 .text.comm_service_send_lower_id
                0x000005d2       0x20 src/c/comm/comm_service.c.57.o
                0x000005d2                comm_service_send_lower_id
 *fill*         0x000005f2        0x2 
 .text.comm_service_init
                0x000005f4       0x34 src/c/comm/comm_service.c.57.o
                0x000005f4                comm_service_init
 .text.app_extract_token
                0x00000628       0x50 src/c/comm/graph_data.c.57.o
 .text.graph_data_init
                0x00000678       0x60 src/c/comm/graph_data.c.57.o
                0x00000678                graph_data_init
 .text.graph_data_save_to_persist
                0x000006d8       0x48 src/c/comm/graph_data.c.57.o
                0x000006d8                graph_data_save_to_persist
 .text.graph_data_load_from_persist
                0x00000720       0x94 src/c/comm/graph_data.c.57.o
                0x00000720                graph_data_load_from_persist
 .text.graph_data_parse_hybrid
                0x000007b4       0xc8 src/c/comm/graph_data.c.57.o
                0x000007b4                graph_data_parse_hybrid
 .text.graph_data_parse_mid
                0x0000087c      0x154 src/c/comm/graph_data.c.57.o
                0x0000087c                graph_data_parse_mid
 .text.graph_data_parse_lower
                0x000009d0      0x140 src/c/comm/graph_data.c.57.o
                0x000009d0                graph_data_parse_lower
 .text.graph_data_is_detail_mode
                0x00000b10       0x58 src/c/comm/graph_data.c.57.o
                0x00000b10                graph_data_is_detail_mode
 .text.graph_data_get_count
                0x00000b68        0xc src/c/comm/graph_data.c.57.o
                0x00000b68                graph_data_get_count
 .text.graph_data_get_id
                0x00000b74        0xc src/c/comm/graph_data.c.57.o
                0x00000b74                graph_data_get_id
 .text.graph_data_get_point
                0x00000b80       0x24 src/c/comm/graph_data.c.57.o
                0x00000b80                graph_data_get_point
 .text.graph_data_get_y_label
                0x00000ba4        0xc src/c/comm/graph_data.c.57.o
                0x00000ba4                graph_data_get_y_label
 .text.graph_data_get_x_label
                0x00000bb0        0xc src/c/comm/graph_data.c.57.o
                0x00000bb0                graph_data_get_x_label
 .text.graph_data_get_max_label
                0x00000bbc        0xc src/c/comm/graph_data.c.57.o
                0x00000bbc                graph_data_get_max_label
 .text.graph_data_get_mid_page_count
                0x00000bc8        0xc src/c/comm/graph_data.c.57.o
                0x00000bc8                graph_data_get_mid_page_count
 .text.graph_data_get_current_mid_mode
                0x00000bd4        0xc src/c/comm/graph_data.c.57.o
                0x00000bd4                graph_data_get_current_mid_mode
 .text.graph_data_set_current_mid_mode
                0x00000be0       0x4c src/c/comm/graph_data.c.57.o
                0x00000be0                graph_data_set_current_mid_mode
 .text.graph_data_select_mid_by_id
                0x00000c2c       0x5c src/c/comm/graph_data.c.57.o
                0x00000c2c                graph_data_select_mid_by_id
 .text.graph_data_get_current_mid_page
                0x00000c88       0x30 src/c/comm/graph_data.c.57.o
                0x00000c88                graph_data_get_current_mid_page
 .text.graph_data_get_lower_page_count
                0x00000cb8        0xc src/c/comm/graph_data.c.57.o
                0x00000cb8                graph_data_get_lower_page_count
 .text.graph_data_get_current_lower_mode
                0x00000cc4        0xc src/c/comm/graph_data.c.57.o
                0x00000cc4                graph_data_get_current_lower_mode
 .text.graph_data_set_current_lower_mode
                0x00000cd0       0x4c src/c/comm/graph_data.c.57.o
                0x00000cd0                graph_data_set_current_lower_mode
 .text.graph_data_select_lower_by_id
                0x00000d1c       0x5c src/c/comm/graph_data.c.57.o
                0x00000d1c                graph_data_select_lower_by_id
 .text.graph_data_get_current_lower_page
                0x00000d78       0x30 src/c/comm/graph_data.c.57.o
                0x00000d78                graph_data_get_current_lower_page
 .text.graph_data_is_lower_graph_mode
                0x00000da8       0x34 src/c/comm/graph_data.c.57.o
                0x00000da8                graph_data_is_lower_graph_mode
 .text.graph_data_is_id_protocol_active
                0x00000ddc        0xc src/c/comm/graph_data.c.57.o
                0x00000ddc                graph_data_is_id_protocol_active
 .text.reset_ignore_single_click_callback
                0x00000de8       0x18 src/c/main.c.57.o
 .text.main_window_unload
                0x00000e00      0x194 src/c/main.c.57.o
 .text.graph_layer_update_callback
                0x00000f94       0x18 src/c/main.c.57.o
 .text.mid_bg_layer_update_callback
                0x00000fac       0x40 src/c/main.c.57.o
 .text.trigger_ignore_single_click
                0x00000fec       0x3c src/c/main.c.57.o
 .text.app_get_current_time_ms
                0x00001028       0x22 src/c/main.c.57.o
 *fill*         0x0000104a        0x2 
 .text.select_long_click_release_handler
                0x0000104c       0xc4 src/c/main.c.57.o
 .text.on_graph_dirty_request
                0x00001110       0x14 src/c/main.c.57.o
 .text.load_action_icons
                0x00001124      0x214 src/c/main.c.57.o
 .text.update_ui_state
                0x00001338      0x7b8 src/c/main.c.57.o
 .text.select_click_handler
                0x00001af0      0x1ac src/c/main.c.57.o
 .text.back_click_handler
                0x00001c9c       0xd4 src/c/main.c.57.o
 .text.tick_handler
                0x00001d70      0x13c src/c/main.c.57.o
 .text.main_window_load
                0x00001eac      0x62c src/c/main.c.57.o
 .text.click_config_provider
                0x000024d8      0x108 src/c/main.c.57.o
 .text.down_long_click_release_handler
                0x000025e0       0x68 src/c/main.c.57.o
 .text.up_long_click_release_handler
                0x00002648       0x68 src/c/main.c.57.o
 .text.generic_long_click_down_handler
                0x000026b0       0x28 src/c/main.c.57.o
 .text.up_click_handler
                0x000026d8       0x50 src/c/main.c.57.o
 .text.down_click_handler
                0x00002728       0x98 src/c/main.c.57.o
 .text.startup.main
                0x000027c0       0x78 src/c/main.c.57.o
                0x000027c0                main
 .text.activity_picker_update_proc
                0x00002838      0x1c8 src/c/ui/ui_activity_picker.c.57.o
 .text.ui_activity_picker_create
                0x00002a00       0xb4 src/c/ui/ui_activity_picker.c.57.o
                0x00002a00                ui_activity_picker_create
 .text.ui_activity_picker_destroy
                0x00002ab4       0x24 src/c/ui/ui_activity_picker.c.57.o
                0x00002ab4                ui_activity_picker_destroy
 .text.ui_activity_picker_is_active
                0x00002ad8        0xc src/c/ui/ui_activity_picker.c.57.o
                0x00002ad8                ui_activity_picker_is_active
 .text.ui_activity_picker_handle_up
                0x00002ae4       0x2c src/c/ui/ui_activity_picker.c.57.o
                0x00002ae4                ui_activity_picker_handle_up
 .text.ui_activity_picker_handle_down
                0x00002b10       0x2c src/c/ui/ui_activity_picker.c.57.o
                0x00002b10                ui_activity_picker_handle_down
 .text.ui_activity_picker_get_preview_activity
                0x00002b3c        0xc src/c/ui/ui_activity_picker.c.57.o
                0x00002b3c                ui_activity_picker_get_preview_activity
 .text.ui_activity_picker_set_preview_activity
                0x00002b48       0x1c src/c/ui/ui_activity_picker.c.57.o
                0x00002b48                ui_activity_picker_set_preview_activity
 .text.ui_activity_picker_update_colors
                0x00002b64       0x28 src/c/ui/ui_activity_picker.c.57.o
                0x00002b64                ui_activity_picker_update_colors
 .text.ui_metric_render_page
                0x00002b8c      0x180 src/c/ui/ui_graph_layer.c.57.o
                0x00002b8c                ui_metric_render_page
 .text.ui_graph_layer_update_proc
                0x00002d0c      0x758 src/c/ui/ui_graph_layer.c.57.o
                0x00002d0c                ui_graph_layer_update_proc
 .text.ui_mid_bg_layer_update_proc
                0x00003464      0x270 src/c/ui/ui_graph_layer.c.57.o
                0x00003464                ui_mid_bg_layer_update_proc
 .text.ui_intermediate_menu_is_active
                0x000036d4        0xc src/c/ui/ui_intermediate_menu.c.57.o
                0x000036d4                ui_intermediate_menu_is_active
 .text.map_update_proc
                0x000036e0      0x46c src/c/ui/ui_map.c.57.o
 .text.ui_map_init_buffers
                0x00003b4c       0x38 src/c/ui/ui_map.c.57.o
                0x00003b4c                ui_map_init_buffers
 .text.ui_map_create
                0x00003b84       0x64 src/c/ui/ui_map.c.57.o
                0x00003b84                ui_map_create
 .text.ui_map_destroy
                0x00003be8       0x38 src/c/ui/ui_map.c.57.o
                0x00003be8                ui_map_destroy
 .text.ui_map_is_active
                0x00003c20        0xc src/c/ui/ui_map.c.57.o
                0x00003c20                ui_map_is_active
 .text.ui_map_update_data
                0x00003c2c       0x60 src/c/ui/ui_map.c.57.o
                0x00003c2c                ui_map_update_data
 .text.ui_map_mark_dirty
                0x00003c8c       0x14 src/c/ui/ui_map.c.57.o
                0x00003c8c                ui_map_mark_dirty
 .text.create_marquee_layers
                0x00003ca0      0x10c src/c/ui/ui_marquee.c.57.o
 .text.msg_container_update_proc
                0x00003dac       0x34 src/c/ui/ui_marquee.c.57.o
 .text.ui_marquee_init
                0x00003de0       0x20 src/c/ui/ui_marquee.c.57.o
                0x00003de0                ui_marquee_init
 .text.ui_marquee_stop
                0x00003e00       0x30 src/c/ui/ui_marquee.c.57.o
                0x00003e00                ui_marquee_stop
 .text.ui_marquee_destroy
                0x00003e30       0x50 src/c/ui/ui_marquee.c.57.o
                0x00003e30                ui_marquee_destroy
 .text.ui_marquee_is_active
                0x00003e80       0x14 src/c/ui/ui_marquee.c.57.o
                0x00003e80                ui_marquee_is_active
 .text.ui_marquee_trigger_custom
                0x00003e94       0xd0 src/c/ui/ui_marquee.c.57.o
                0x00003e94                ui_marquee_trigger_custom
 .text.ui_marquee_trigger
                0x00003f64      0x170 src/c/ui/ui_marquee.c.57.o
                0x00003f64                ui_marquee_trigger
 .text.custom_msg_timer_callback
                0x000040d4       0x6c src/c/ui/ui_marquee.c.57.o
 .text.marquee_timer_callback
                0x00004140       0x30 src/c/ui/ui_marquee.c.57.o
 .text.anim_stopped_handler
                0x00004170       0x8c src/c/ui/ui_marquee.c.57.o
 .text.app_event_loop
                0x000041fc        0xc /home/naokiiwaoka/.pebble-sdk/SDKs/current/sdk-core/pebble/aplite/lib/libpebble.a(tmp7jpKUopebble.o)
                0x000041fc                app_event_loop
 .text.app_message_open
                0x00004208        0xc /home/naokiiwaoka/.pebble-sdk/SDKs/current/sdk-core/pebble/aplite/lib/libpebble.a(tmp7jpKUopebble.o)
                0x00004208                app_message_open
 .text.app_timer_cancel
                0x00004214        0xc /home/naokiiwaoka/.pebble-sdk/SDKs/current/sdk-core/pebble/aplite/lib/libpebble.a(tmp7jpKUopebble.o)
                0x00004214                app_timer_cancel
 .text.app_timer_register
                0x00004220        0xc /home/naokiiwaoka/.pebble-sdk/SDKs/current/sdk-core/pebble/aplite/lib/libpebble.a(tmp7jpKUopebble.o)
                0x00004220                app_timer_register
 .text.atoi     0x0000422c        0xc /home/naokiiwaoka/.pebble-sdk/SDKs/current/sdk-core/pebble/aplite/lib/libpebble.a(tmp7jpKUopebble.o)
                0x0000422c                atoi
 .text.clock_copy_time_string
                0x00004238        0xc /home/naokiiwaoka/.pebble-sdk/SDKs/current/sdk-core/pebble/aplite/lib/libpebble.a(tmp7jpKUopebble.o)
                0x00004238                clock_copy_time_string
 .text.dict_find
                0x00004244        0xc /home/naokiiwaoka/.pebble-sdk/SDKs/current/sdk-core/pebble/aplite/lib/libpebble.a(tmp7jpKUopebble.o)
                0x00004244                dict_find
 .text.dict_read_first
                0x00004250        0xc /home/naokiiwaoka/.pebble-sdk/SDKs/current/sdk-core/pebble/aplite/lib/libpebble.a(tmp7jpKUopebble.o)
                0x00004250                dict_read_first
 .text.dict_read_next
                0x0000425c        0xc /home/naokiiwaoka/.pebble-sdk/SDKs/current/sdk-core/pebble/aplite/lib/libpebble.a(tmp7jpKUopebble.o)
                0x0000425c                dict_read_next
 .text.dict_write_int32
                0x00004268        0xc /home/naokiiwaoka/.pebble-sdk/SDKs/current/sdk-core/pebble/aplite/lib/libpebble.a(tmp7jpKUopebble.o)
                0x00004268                dict_write_int32
 .text.fonts_get_system_font
                0x00004274        0xc /home/naokiiwaoka/.pebble-sdk/SDKs/current/sdk-core/pebble/aplite/lib/libpebble.a(tmp7jpKUopebble.o)
                0x00004274                fonts_get_system_font
 .text.gbitmap_create_with_resource
                0x00004280        0xc /home/naokiiwaoka/.pebble-sdk/SDKs/current/sdk-core/pebble/aplite/lib/libpebble.a(tmp7jpKUopebble.o)
                0x00004280                gbitmap_create_with_resource
 .text.gbitmap_destroy
                0x0000428c        0xc /home/naokiiwaoka/.pebble-sdk/SDKs/current/sdk-core/pebble/aplite/lib/libpebble.a(tmp7jpKUopebble.o)
                0x0000428c                gbitmap_destroy
 .text.graphics_draw_circle
                0x00004298        0xc /home/naokiiwaoka/.pebble-sdk/SDKs/current/sdk-core/pebble/aplite/lib/libpebble.a(tmp7jpKUopebble.o)
                0x00004298                graphics_draw_circle
 .text.graphics_draw_line
                0x000042a4        0xc /home/naokiiwaoka/.pebble-sdk/SDKs/current/sdk-core/pebble/aplite/lib/libpebble.a(tmp7jpKUopebble.o)
                0x000042a4                graphics_draw_line
 .text.graphics_draw_rect
                0x000042b0        0xc /home/naokiiwaoka/.pebble-sdk/SDKs/current/sdk-core/pebble/aplite/lib/libpebble.a(tmp7jpKUopebble.o)
                0x000042b0                graphics_draw_rect
 .text.graphics_fill_circle
                0x000042bc        0xc /home/naokiiwaoka/.pebble-sdk/SDKs/current/sdk-core/pebble/aplite/lib/libpebble.a(tmp7jpKUopebble.o)
                0x000042bc                graphics_fill_circle
 .text.graphics_fill_rect
                0x000042c8        0xc /home/naokiiwaoka/.pebble-sdk/SDKs/current/sdk-core/pebble/aplite/lib/libpebble.a(tmp7jpKUopebble.o)
                0x000042c8                graphics_fill_rect
 .text.layer_add_child
                0x000042d4        0xc /home/naokiiwaoka/.pebble-sdk/SDKs/current/sdk-core/pebble/aplite/lib/libpebble.a(tmp7jpKUopebble.o)
                0x000042d4                layer_add_child
 .text.layer_create
                0x000042e0        0xc /home/naokiiwaoka/.pebble-sdk/SDKs/current/sdk-core/pebble/aplite/lib/libpebble.a(tmp7jpKUopebble.o)
                0x000042e0                layer_create
 .text.layer_destroy
                0x000042ec        0xc /home/naokiiwaoka/.pebble-sdk/SDKs/current/sdk-core/pebble/aplite/lib/libpebble.a(tmp7jpKUopebble.o)
                0x000042ec                layer_destroy
 .text.layer_get_bounds
                0x000042f8        0xc /home/naokiiwaoka/.pebble-sdk/SDKs/current/sdk-core/pebble/aplite/lib/libpebble.a(tmp7jpKUopebble.o)
                0x000042f8                layer_get_bounds
 .text.layer_insert_above_sibling
                0x00004304        0xc /home/naokiiwaoka/.pebble-sdk/SDKs/current/sdk-core/pebble/aplite/lib/libpebble.a(tmp7jpKUopebble.o)
                0x00004304                layer_insert_above_sibling
 .text.layer_insert_below_sibling
                0x00004310        0xc /home/naokiiwaoka/.pebble-sdk/SDKs/current/sdk-core/pebble/aplite/lib/libpebble.a(tmp7jpKUopebble.o)
                0x00004310                layer_insert_below_sibling
 .text.layer_mark_dirty
                0x0000431c        0xc /home/naokiiwaoka/.pebble-sdk/SDKs/current/sdk-core/pebble/aplite/lib/libpebble.a(tmp7jpKUopebble.o)
                0x0000431c                layer_mark_dirty
 .text.layer_set_frame
                0x00004328        0xc /home/naokiiwaoka/.pebble-sdk/SDKs/current/sdk-core/pebble/aplite/lib/libpebble.a(tmp7jpKUopebble.o)
                0x00004328                layer_set_frame
 .text.layer_set_hidden
                0x00004334        0xc /home/naokiiwaoka/.pebble-sdk/SDKs/current/sdk-core/pebble/aplite/lib/libpebble.a(tmp7jpKUopebble.o)
                0x00004334                layer_set_hidden
 .text.layer_set_update_proc
                0x00004340        0xc /home/naokiiwaoka/.pebble-sdk/SDKs/current/sdk-core/pebble/aplite/lib/libpebble.a(tmp7jpKUopebble.o)
                0x00004340                layer_set_update_proc
 .text.memcpy   0x0000434c        0xc /home/naokiiwaoka/.pebble-sdk/SDKs/current/sdk-core/pebble/aplite/lib/libpebble.a(tmp7jpKUopebble.o)
                0x0000434c                memcpy
 .text.memset   0x00004358        0xc /home/naokiiwaoka/.pebble-sdk/SDKs/current/sdk-core/pebble/aplite/lib/libpebble.a(tmp7jpKUopebble.o)
                0x00004358                memset
 .text.persist_exists
                0x00004364        0xc /home/naokiiwaoka/.pebble-sdk/SDKs/current/sdk-core/pebble/aplite/lib/libpebble.a(tmp7jpKUopebble.o)
                0x00004364                persist_exists
 .text.persist_read_int
                0x00004370        0xc /home/naokiiwaoka/.pebble-sdk/SDKs/current/sdk-core/pebble/aplite/lib/libpebble.a(tmp7jpKUopebble.o)
                0x00004370                persist_read_int
 .text.persist_write_int
                0x0000437c        0xc /home/naokiiwaoka/.pebble-sdk/SDKs/current/sdk-core/pebble/aplite/lib/libpebble.a(tmp7jpKUopebble.o)
                0x0000437c                persist_write_int
 .text.snprintf
                0x00004388        0xc /home/naokiiwaoka/.pebble-sdk/SDKs/current/sdk-core/pebble/aplite/lib/libpebble.a(tmp7jpKUopebble.o)
                0x00004388                snprintf
 .text.strcmp   0x00004394        0xc /home/naokiiwaoka/.pebble-sdk/SDKs/current/sdk-core/pebble/aplite/lib/libpebble.a(tmp7jpKUopebble.o)
                0x00004394                strcmp
 .text.strcpy   0x000043a0        0xc /home/naokiiwaoka/.pebble-sdk/SDKs/current/sdk-core/pebble/aplite/lib/libpebble.a(tmp7jpKUopebble.o)
                0x000043a0                strcpy
 .text.strlen   0x000043ac        0xc /home/naokiiwaoka/.pebble-sdk/SDKs/current/sdk-core/pebble/aplite/lib/libpebble.a(tmp7jpKUopebble.o)
                0x000043ac                strlen
 .text.tick_timer_service_subscribe
                0x000043b8        0xc /home/naokiiwaoka/.pebble-sdk/SDKs/current/sdk-core/pebble/aplite/lib/libpebble.a(tmp7jpKUopebble.o)
                0x000043b8                tick_timer_service_subscribe
 .text.tick_timer_service_unsubscribe
                0x000043c4        0xc /home/naokiiwaoka/.pebble-sdk/SDKs/current/sdk-core/pebble/aplite/lib/libpebble.a(tmp7jpKUopebble.o)
                0x000043c4                tick_timer_service_unsubscribe
 .text.vibes_double_pulse
                0x000043d0        0xc /home/naokiiwaoka/.pebble-sdk/SDKs/current/sdk-core/pebble/aplite/lib/libpebble.a(tmp7jpKUopebble.o)
                0x000043d0                vibes_double_pulse
 .text.vibes_long_pulse
                0x000043dc        0xc /home/naokiiwaoka/.pebble-sdk/SDKs/current/sdk-core/pebble/aplite/lib/libpebble.a(tmp7jpKUopebble.o)
                0x000043dc                vibes_long_pulse
 .text.vibes_short_pulse
                0x000043e8        0xc /home/naokiiwaoka/.pebble-sdk/SDKs/current/sdk-core/pebble/aplite/lib/libpebble.a(tmp7jpKUopebble.o)
                0x000043e8                vibes_short_pulse
 .text.window_create
                0x000043f4        0xc /home/naokiiwaoka/.pebble-sdk/SDKs/current/sdk-core/pebble/aplite/lib/libpebble.a(tmp7jpKUopebble.o)
                0x000043f4                window_create
 .text.window_destroy
                0x00004400        0xc /home/naokiiwaoka/.pebble-sdk/SDKs/current/sdk-core/pebble/aplite/lib/libpebble.a(tmp7jpKUopebble.o)
                0x00004400                window_destroy
 .text.window_get_root_layer
                0x0000440c        0xc /home/naokiiwaoka/.pebble-sdk/SDKs/current/sdk-core/pebble/aplite/lib/libpebble.a(tmp7jpKUopebble.o)
                0x0000440c                window_get_root_layer
 .text.window_set_window_handlers
                0x00004418        0xc /home/naokiiwaoka/.pebble-sdk/SDKs/current/sdk-core/pebble/aplite/lib/libpebble.a(tmp7jpKUopebble.o)
                0x00004418                window_set_window_handlers
 .text.window_stack_pop
                0x00004424        0xc /home/naokiiwaoka/.pebble-sdk/SDKs/current/sdk-core/pebble/aplite/lib/libpebble.a(tmp7jpKUopebble.o)
                0x00004424                window_stack_pop
 .text.window_stack_push
                0x00004430        0xc /home/naokiiwaoka/.pebble-sdk/SDKs/current/sdk-core/pebble/aplite/lib/libpebble.a(tmp7jpKUopebble.o)
                0x00004430                window_stack_push
 .text.app_message_outbox_begin
                0x0000443c        0xc /home/naokiiwaoka/.pebble-sdk/SDKs/current/sdk-core/pebble/aplite/lib/libpebble.a(tmp7jpKUopebble.o)
                0x0000443c                app_message_outbox_begin
 .text.app_message_outbox_send
                0x00004448        0xc /home/naokiiwaoka/.pebble-sdk/SDKs/current/sdk-core/pebble/aplite/lib/libpebble.a(tmp7jpKUopebble.o)
                0x00004448                app_message_outbox_send
 .text.app_message_register_inbox_received
                0x00004454        0xc /home/naokiiwaoka/.pebble-sdk/SDKs/current/sdk-core/pebble/aplite/lib/libpebble.a(tmp7jpKUopebble.o)
                0x00004454                app_message_register_inbox_received
 .text.window_long_click_subscribe
                0x00004460        0xc /home/naokiiwaoka/.pebble-sdk/SDKs/current/sdk-core/pebble/aplite/lib/libpebble.a(tmp7jpKUopebble.o)
                0x00004460                window_long_click_subscribe
 .text.window_single_click_subscribe
                0x0000446c        0xc /home/naokiiwaoka/.pebble-sdk/SDKs/current/sdk-core/pebble/aplite/lib/libpebble.a(tmp7jpKUopebble.o)
                0x0000446c                window_single_click_subscribe
 .text.window_single_repeating_click_subscribe
                0x00004478        0xc /home/naokiiwaoka/.pebble-sdk/SDKs/current/sdk-core/pebble/aplite/lib/libpebble.a(tmp7jpKUopebble.o)
                0x00004478                window_single_repeating_click_subscribe
 .text.graphics_draw_text
                0x00004484        0xc /home/naokiiwaoka/.pebble-sdk/SDKs/current/sdk-core/pebble/aplite/lib/libpebble.a(tmp7jpKUopebble.o)
                0x00004484                graphics_draw_text
 .text.persist_read_data
                0x00004490        0xc /home/naokiiwaoka/.pebble-sdk/SDKs/current/sdk-core/pebble/aplite/lib/libpebble.a(tmp7jpKUopebble.o)
                0x00004490                persist_read_data
 .text.persist_write_data
                0x0000449c        0xc /home/naokiiwaoka/.pebble-sdk/SDKs/current/sdk-core/pebble/aplite/lib/libpebble.a(tmp7jpKUopebble.o)
                0x0000449c                persist_write_data
 .text.gcolor_equal
                0x000044a8        0xc /home/naokiiwaoka/.pebble-sdk/SDKs/current/sdk-core/pebble/aplite/lib/libpebble.a(tmp7jpKUopebble.o)
                0x000044a8                gcolor_equal
 .text.graphics_context_set_fill_color
                0x000044b4        0xc /home/naokiiwaoka/.pebble-sdk/SDKs/current/sdk-core/pebble/aplite/lib/libpebble.a(tmp7jpKUopebble.o)
                0x000044b4                graphics_context_set_fill_color
 .text.graphics_context_set_stroke_color
                0x000044c0        0xc /home/naokiiwaoka/.pebble-sdk/SDKs/current/sdk-core/pebble/aplite/lib/libpebble.a(tmp7jpKUopebble.o)
                0x000044c0                graphics_context_set_stroke_color
 .text.graphics_context_set_text_color
                0x000044cc        0xc /home/naokiiwaoka/.pebble-sdk/SDKs/current/sdk-core/pebble/aplite/lib/libpebble.a(tmp7jpKUopebble.o)
                0x000044cc                graphics_context_set_text_color
 .text.window_set_background_color
                0x000044d8        0xc /home/naokiiwaoka/.pebble-sdk/SDKs/current/sdk-core/pebble/aplite/lib/libpebble.a(tmp7jpKUopebble.o)
                0x000044d8                window_set_background_color
 .text.animation_schedule
                0x000044e4        0xc /home/naokiiwaoka/.pebble-sdk/SDKs/current/sdk-core/pebble/aplite/lib/libpebble.a(tmp7jpKUopebble.o)
                0x000044e4                animation_schedule
 .text.animation_set_curve
                0x000044f0        0xc /home/naokiiwaoka/.pebble-sdk/SDKs/current/sdk-core/pebble/aplite/lib/libpebble.a(tmp7jpKUopebble.o)
                0x000044f0                animation_set_curve
 .text.animation_set_duration
                0x000044fc        0xc /home/naokiiwaoka/.pebble-sdk/SDKs/current/sdk-core/pebble/aplite/lib/libpebble.a(tmp7jpKUopebble.o)
                0x000044fc                animation_set_duration
 .text.animation_set_handlers
                0x00004508        0xc /home/naokiiwaoka/.pebble-sdk/SDKs/current/sdk-core/pebble/aplite/lib/libpebble.a(tmp7jpKUopebble.o)
                0x00004508                animation_set_handlers
 .text.animation_unschedule
                0x00004514        0xc /home/naokiiwaoka/.pebble-sdk/SDKs/current/sdk-core/pebble/aplite/lib/libpebble.a(tmp7jpKUopebble.o)
                0x00004514                animation_unschedule
 .text.property_animation_create_layer_frame
                0x00004520        0xc /home/naokiiwaoka/.pebble-sdk/SDKs/current/sdk-core/pebble/aplite/lib/libpebble.a(tmp7jpKUopebble.o)
                0x00004520                property_animation_create_layer_frame
 .text.property_animation_get_animation
                0x0000452c        0xc /home/naokiiwaoka/.pebble-sdk/SDKs/current/sdk-core/pebble/aplite/lib/libpebble.a(tmp7jpKUopebble.o)
                0x0000452c                property_animation_get_animation
 .text.graphics_context_set_stroke_width
                0x00004538        0xc /home/naokiiwaoka/.pebble-sdk/SDKs/current/sdk-core/pebble/aplite/lib/libpebble.a(tmp7jpKUopebble.o)
                0x00004538                graphics_context_set_stroke_width
 .text.action_bar_layer_add_to_window
                0x00004544        0xc /home/naokiiwaoka/.pebble-sdk/SDKs/current/sdk-core/pebble/aplite/lib/libpebble.a(tmp7jpKUopebble.o)
                0x00004544                action_bar_layer_add_to_window
 .text.action_bar_layer_clear_icon
                0x00004550        0xc /home/naokiiwaoka/.pebble-sdk/SDKs/current/sdk-core/pebble/aplite/lib/libpebble.a(tmp7jpKUopebble.o)
                0x00004550                action_bar_layer_clear_icon
 .text.action_bar_layer_create
                0x0000455c        0xc /home/naokiiwaoka/.pebble-sdk/SDKs/current/sdk-core/pebble/aplite/lib/libpebble.a(tmp7jpKUopebble.o)
                0x0000455c                action_bar_layer_create
 .text.action_bar_layer_destroy
                0x00004568        0xc /home/naokiiwaoka/.pebble-sdk/SDKs/current/sdk-core/pebble/aplite/lib/libpebble.a(tmp7jpKUopebble.o)
                0x00004568                action_bar_layer_destroy
 .text.action_bar_layer_get_layer
                0x00004574        0xc /home/naokiiwaoka/.pebble-sdk/SDKs/current/sdk-core/pebble/aplite/lib/libpebble.a(tmp7jpKUopebble.o)
                0x00004574                action_bar_layer_get_layer
 .text.action_bar_layer_remove_from_window
                0x00004580        0xc /home/naokiiwaoka/.pebble-sdk/SDKs/current/sdk-core/pebble/aplite/lib/libpebble.a(tmp7jpKUopebble.o)
                0x00004580                action_bar_layer_remove_from_window
 .text.action_bar_layer_set_background_color
                0x0000458c        0xc /home/naokiiwaoka/.pebble-sdk/SDKs/current/sdk-core/pebble/aplite/lib/libpebble.a(tmp7jpKUopebble.o)
                0x0000458c                action_bar_layer_set_background_color
 .text.action_bar_layer_set_click_config_provider
                0x00004598        0xc /home/naokiiwaoka/.pebble-sdk/SDKs/current/sdk-core/pebble/aplite/lib/libpebble.a(tmp7jpKUopebble.o)
                0x00004598                action_bar_layer_set_click_config_provider
 .text.action_bar_layer_set_icon
                0x000045a4        0xc /home/naokiiwaoka/.pebble-sdk/SDKs/current/sdk-core/pebble/aplite/lib/libpebble.a(tmp7jpKUopebble.o)
                0x000045a4                action_bar_layer_set_icon
 .text.text_layer_create
                0x000045b0        0xc /home/naokiiwaoka/.pebble-sdk/SDKs/current/sdk-core/pebble/aplite/lib/libpebble.a(tmp7jpKUopebble.o)
                0x000045b0                text_layer_create
 .text.text_layer_destroy
                0x000045bc        0xc /home/naokiiwaoka/.pebble-sdk/SDKs/current/sdk-core/pebble/aplite/lib/libpebble.a(tmp7jpKUopebble.o)
                0x000045bc                text_layer_destroy
 .text.text_layer_get_layer
                0x000045c8        0xc /home/naokiiwaoka/.pebble-sdk/SDKs/current/sdk-core/pebble/aplite/lib/libpebble.a(tmp7jpKUopebble.o)
                0x000045c8                text_layer_get_layer
 .text.text_layer_set_background_color
                0x000045d4        0xc /home/naokiiwaoka/.pebble-sdk/SDKs/current/sdk-core/pebble/aplite/lib/libpebble.a(tmp7jpKUopebble.o)
                0x000045d4                text_layer_set_background_color
 .text.text_layer_set_font
                0x000045e0        0xc /home/naokiiwaoka/.pebble-sdk/SDKs/current/sdk-core/pebble/aplite/lib/libpebble.a(tmp7jpKUopebble.o)
                0x000045e0                text_layer_set_font
 .text.text_layer_set_text
                0x000045ec        0xc /home/naokiiwaoka/.pebble-sdk/SDKs/current/sdk-core/pebble/aplite/lib/libpebble.a(tmp7jpKUopebble.o)
                0x000045ec                text_layer_set_text
 .text.text_layer_set_text_alignment
                0x000045f8        0xc /home/naokiiwaoka/.pebble-sdk/SDKs/current/sdk-core/pebble/aplite/lib/libpebble.a(tmp7jpKUopebble.o)
                0x000045f8                text_layer_set_text_alignment
 .text.text_layer_set_text_color
                0x00004604        0xc /home/naokiiwaoka/.pebble-sdk/SDKs/current/sdk-core/pebble/aplite/lib/libpebble.a(tmp7jpKUopebble.o)
                0x00004604                text_layer_set_text_color
 .text.time     0x00004610        0xc /home/naokiiwaoka/.pebble-sdk/SDKs/current/sdk-core/pebble/aplite/lib/libpebble.a(tmp7jpKUopebble.o)
                0x00004610                time
 .text.time_ms  0x0000461c        0xc /home/naokiiwaoka/.pebble-sdk/SDKs/current/sdk-core/pebble/aplite/lib/libpebble.a(tmp7jpKUopebble.o)
                0x0000461c                time_ms
 .text.gcolor_legible_over
                0x00004628        0xc /home/naokiiwaoka/.pebble-sdk/SDKs/current/sdk-core/pebble/aplite/lib/libpebble.a(tmp7jpKUopebble.o)
                0x00004628                gcolor_legible_over
 *(.rodata)
 *(.rodata*)
 .rodata.str1.1
                0x00004634      0x1e5 src/c/app_state.c.57.o
                                 0x35 (size before relaxing)
 .rodata.inbox_received_callback.str1.1
                0x00004819        0xd src/c/comm/comm_service.c.57.o
 .rodata.graph_data_parse_mid.str1.1
                0x00004819        0xa src/c/comm/graph_data.c.57.o
 .rodata.graph_data_is_lower_graph_mode.str1.1
                0x00004819        0x6 src/c/comm/graph_data.c.57.o
 .rodata.select_long_click_release_handler.str1.1
                0x00004819       0x1f src/c/main.c.57.o
 .rodata.tick_handler.str1.1
                0x00004819        0x8 src/c/main.c.57.o
 .rodata.main_window_load.str1.1
                0x00004819       0x59 src/c/main.c.57.o
 .rodata.down_long_click_release_handler.str1.1
                0x00004819        0xf src/c/main.c.57.o
 .rodata.up_long_click_release_handler.str1.1
                0x00004819        0xd src/c/main.c.57.o
 .rodata.activity_picker_update_proc.str1.1
                0x00004819       0x5a src/c/ui/ui_activity_picker.c.57.o
 .rodata.ui_metric_render_page.str1.1
                0x00004819       0x3c src/c/ui/ui_graph_layer.c.57.o
 .rodata.ui_graph_layer_update_proc.str1.1
                0x00004819       0x1d src/c/ui/ui_graph_layer.c.57.o
 .rodata.map_update_proc.str1.1
                0x00004819       0x72 src/c/ui/ui_map.c.57.o
 .rodata.create_marquee_layers.str1.1
                0x00004819       0x1b src/c/ui/ui_marquee.c.57.o
 .rodata.ui_marquee_trigger_custom.str1.1
                0x00004819        0x3 src/c/ui/ui_marquee.c.57.o
 .rodata.ui_marquee_trigger.str1.1
                0x00004819       0x8d src/c/ui/ui_marquee.c.57.o

.glue_7         0x0000481c        0x0
 .glue_7        0x0000481c        0x0 linker stubs

.glue_7t        0x0000481c        0x0
 .glue_7t       0x0000481c        0x0 linker stubs

.vfp11_veneer   0x0000481c        0x0
 .vfp11_veneer  0x0000481c        0x0 linker stubs

.v4_bx          0x0000481c        0x0
 .v4_bx         0x0000481c        0x0 linker stubs

.init           0x0000481c        0x4
 .init          0x0000481c        0x4 /home/naokiiwaoka/.pebble-sdk/SDKs/4.33.1/toolchain/arm-none-eabi/bin/../lib/gcc/arm-none-eabi/14.2.1/thumb/v7-m/nofp/crti.o
                0x0000481c                _init

.fini           0x00004820        0x4
 .fini          0x00004820        0x4 /home/naokiiwaoka/.pebble-sdk/SDKs/4.33.1/toolchain/arm-none-eabi/bin/../lib/gcc/arm-none-eabi/14.2.1/thumb/v7-m/nofp/crti.o
                0x00004820                _fini

.iplt           0x00004824        0x0
 .iplt          0x00004824        0x0 src/c/app_state.c.57.o

.rel.dyn        0x00004824        0x0
 .rel.iplt      0x00004824        0x0 src/c/app_state.c.57.o
 .rel.got       0x00004824        0x0 src/c/app_state.c.57.o

.data           0x00004824       0x84
 *(.data)
 .data          0x00004824        0x0 /home/naokiiwaoka/.pebble-sdk/SDKs/4.33.1/toolchain/arm-none-eabi/bin/../lib/gcc/arm-none-eabi/14.2.1/thumb/v7-m/nofp/crti.o
 .data          0x00004824        0x0 /home/naokiiwaoka/.pebble-sdk/SDKs/4.33.1/toolchain/arm-none-eabi/bin/../lib/gcc/arm-none-eabi/14.2.1/thumb/v7-m/nofp/crtbegin.o
 .data          0x00004824        0x0 /home/naokiiwaoka/.pebble-sdk/SDKs/4.33.1/toolchain/arm-none-eabi/bin/../lib/gcc/arm-none-eabi/14.2.1/../../../../arm-none-eabi/lib/thumb/v7-m/nofp/crt0.o
 .data          0x00004824        0x0 src/c/app_state.c.57.o
 .data          0x00004824        0x0 src/c/comm/comm_service.c.57.o
 .data          0x00004824        0x0 src/c/comm/graph_data.c.57.o
 .data          0x00004824        0x0 src/c/main.c.57.o
 .data          0x00004824        0x0 src/c/ui/ui_activity_picker.c.57.o
 .data          0x00004824        0x0 src/c/ui/ui_color_picker.c.57.o
 .data          0x00004824        0x0 src/c/ui/ui_graph_layer.c.57.o
 .data          0x00004824        0x0 src/c/ui/ui_intermediate_menu.c.57.o
 .data          0x00004824        0x0 src/c/ui/ui_map.c.57.o
 .data          0x00004824        0x0 src/c/ui/ui_marquee.c.57.o
 .data          0x00004824        0x0 aplite/appinfo.auto.c.57.o
 .data          0x00004824        0x0 aplite/src/resource_ids.auto.c.57.o
 .data          0x00004824        0x0 src/message_keys.auto.c.57.o
 .data          0x00004824        0x0 /home/naokiiwaoka/.pebble-sdk/SDKs/current/sdk-core/pebble/aplite/lib/libpebble.a(tmp7jpKUopebble.o)
 .data          0x00004824        0x0 /home/naokiiwaoka/.pebble-sdk/SDKs/4.33.1/toolchain/arm-none-eabi/bin/../lib/gcc/arm-none-eabi/14.2.1/../../../../arm-none-eabi/lib/thumb/v7-m/nofp/libc.a(libc_a-atexit.o)
 .data          0x00004824        0x0 /home/naokiiwaoka/.pebble-sdk/SDKs/4.33.1/toolchain/arm-none-eabi/bin/../lib/gcc/arm-none-eabi/14.2.1/../../../../arm-none-eabi/lib/thumb/v7-m/nofp/libc.a(libc_a-exit.o)
 .data          0x00004824        0x0 /home/naokiiwaoka/.pebble-sdk/SDKs/4.33.1/toolchain/arm-none-eabi/bin/../lib/gcc/arm-none-eabi/14.2.1/../../../../arm-none-eabi/lib/thumb/v7-m/nofp/libc.a(libc_a-findfp.o)
 .data          0x00004824        0x0 /home/naokiiwaoka/.pebble-sdk/SDKs/4.33.1/toolchain/arm-none-eabi/bin/../lib/gcc/arm-none-eabi/14.2.1/../../../../arm-none-eabi/lib/thumb/v7-m/nofp/libc.a(libc_a-fwalk.o)
 .data          0x00004824        0x0 /home/naokiiwaoka/.pebble-sdk/SDKs/4.33.1/toolchain/arm-none-eabi/bin/../lib/gcc/arm-none-eabi/14.2.1/../../../../arm-none-eabi/lib/thumb/v7-m/nofp/libc.a(libc_a-stdio.o)
 .data          0x00004824        0x0 /home/naokiiwaoka/.pebble-sdk/SDKs/4.33.1/toolchain/arm-none-eabi/bin/../lib/gcc/arm-none-eabi/14.2.1/../../../../arm-none-eabi/lib/thumb/v7-m/nofp/libc.a(libc_a-closer.o)
 .data          0x00004824        0x0 /home/naokiiwaoka/.pebble-sdk/SDKs/4.33.1/toolchain/arm-none-eabi/bin/../lib/gcc/arm-none-eabi/14.2.1/../../../../arm-none-eabi/lib/thumb/v7-m/nofp/libc.a(libc_a-reent.o)
 .data          0x00004824        0x0 /home/naokiiwaoka/.pebble-sdk/SDKs/4.33.1/toolchain/arm-none-eabi/bin/../lib/gcc/arm-none-eabi/14.2.1/../../../../arm-none-eabi/lib/thumb/v7-m/nofp/libc.a(libc_a-impure.o)
 .data          0x00004824        0x0 /home/naokiiwaoka/.pebble-sdk/SDKs/4.33.1/toolchain/arm-none-eabi/bin/../lib/gcc/arm-none-eabi/14.2.1/../../../../arm-none-eabi/lib/thumb/v7-m/nofp/libc.a(libc_a-lseekr.o)
 .data          0x00004824        0x0 /home/naokiiwaoka/.pebble-sdk/SDKs/4.33.1/toolchain/arm-none-eabi/bin/../lib/gcc/arm-none-eabi/14.2.1/../../../../arm-none-eabi/lib/thumb/v7-m/nofp/libc.a(libc_a-readr.o)
 .data          0x00004824        0x0 /home/naokiiwaoka/.pebble-sdk/SDKs/4.33.1/toolchain/arm-none-eabi/bin/../lib/gcc/arm-none-eabi/14.2.1/../../../../arm-none-eabi/lib/thumb/v7-m/nofp/libc.a(libc_a-writer.o)
 .data          0x00004824        0x0 /home/naokiiwaoka/.pebble-sdk/SDKs/4.33.1/toolchain/arm-none-eabi/bin/../lib/gcc/arm-none-eabi/14.2.1/../../../../arm-none-eabi/lib/thumb/v7-m/nofp/libc.a(libc_a-init.o)
 .data          0x00004824        0x0 /home/naokiiwaoka/.pebble-sdk/SDKs/4.33.1/toolchain/arm-none-eabi/bin/../lib/gcc/arm-none-eabi/14.2.1/../../../../arm-none-eabi/lib/thumb/v7-m/nofp/libc.a(libc_a-fini.o)
 .data          0x00004824        0x0 /home/naokiiwaoka/.pebble-sdk/SDKs/4.33.1/toolchain/arm-none-eabi/bin/../lib/gcc/arm-none-eabi/14.2.1/../../../../arm-none-eabi/lib/thumb/v7-m/nofp/libc.a(libc_a-lock.o)
 .data          0x00004824        0x0 /home/naokiiwaoka/.pebble-sdk/SDKs/4.33.1/toolchain/arm-none-eabi/bin/../lib/gcc/arm-none-eabi/14.2.1/../../../../arm-none-eabi/lib/thumb/v7-m/nofp/libc.a(libc_a-__atexit.o)
 .data          0x00004824        0x0 /home/naokiiwaoka/.pebble-sdk/SDKs/4.33.1/toolchain/arm-none-eabi/bin/../lib/gcc/arm-none-eabi/14.2.1/../../../../arm-none-eabi/lib/thumb/v7-m/nofp/libc.a(libc_a-__call_atexit.o)
 .data          0x00004824        0x0 /home/naokiiwaoka/.pebble-sdk/SDKs/4.33.1/toolchain/arm-none-eabi/bin/../lib/gcc/arm-none-eabi/14.2.1/../../../../arm-none-eabi/lib/thumb/v7-m/nofp/libc.a(libc_a-freer.o)
 .data          0x00004824        0x0 /home/naokiiwaoka/.pebble-sdk/SDKs/4.33.1/toolchain/arm-none-eabi/bin/../lib/gcc/arm-none-eabi/14.2.1/../../../../arm-none-eabi/lib/thumb/v7-m/nofp/libc.a(libc_a-mallocr.o)
 .data          0x00004824        0x0 /home/naokiiwaoka/.pebble-sdk/SDKs/4.33.1/toolchain/arm-none-eabi/bin/../lib/gcc/arm-none-eabi/14.2.1/../../../../arm-none-eabi/lib/thumb/v7-m/nofp/libc.a(libc_a-mlock.o)
 .data          0x00004824        0x0 /home/naokiiwaoka/.pebble-sdk/SDKs/4.33.1/toolchain/arm-none-eabi/bin/../lib/gcc/arm-none-eabi/14.2.1/../../../../arm-none-eabi/lib/thumb/v7-m/nofp/libc.a(libc_a-fclose.o)
 .data          0x00004824        0x0 /home/naokiiwaoka/.pebble-sdk/SDKs/4.33.1/toolchain/arm-none-eabi/bin/../lib/gcc/arm-none-eabi/14.2.1/../../../../arm-none-eabi/lib/thumb/v7-m/nofp/libc.a(libc_a-fflush.o)
 .data          0x00004824        0x0 /home/naokiiwaoka/.pebble-sdk/SDKs/4.33.1/toolchain/arm-none-eabi/bin/../lib/gcc/arm-none-eabi/14.2.1/../../../../arm-none-eabi/lib/thumb/v7-m/nofp/libc.a(libc_a-sbrkr.o)
 .data          0x00004824        0x0 /home/naokiiwaoka/.pebble-sdk/SDKs/4.33.1/toolchain/arm-none-eabi/bin/../lib/gcc/arm-none-eabi/14.2.1/../../../../arm-none-eabi/lib/thumb/v7-m/nofp/libc.a(libc_a-sysconf.o)
 .data          0x00004824        0x0 /home/naokiiwaoka/.pebble-sdk/SDKs/4.33.1/toolchain/arm-none-eabi/bin/../lib/gcc/arm-none-eabi/14.2.1/../../../../arm-none-eabi/lib/thumb/v7-m/nofp/libc.a(libc_a-errno.o)
 .data          0x00004824        0x0 /home/naokiiwaoka/.pebble-sdk/SDKs/4.33.1/toolchain/arm-none-eabi/bin/../lib/gcc/arm-none-eabi/14.2.1/thumb/v7-m/nofp/crtend.o
 .data          0x00004824        0x0 /home/naokiiwaoka/.pebble-sdk/SDKs/4.33.1/toolchain/arm-none-eabi/bin/../lib/gcc/arm-none-eabi/14.2.1/thumb/v7-m/nofp/crtn.o
 *(.data.*)
 .data.rel.ro.local.ACTIVITY_NAMES
                0x00004824       0x1c src/c/app_state.c.57.o
                0x00004824                ACTIVITY_NAMES
 .data.s_graph_scale
                0x00004840        0x4 src/c/comm/graph_data.c.57.o
 .data.s_selected_color_idx
                0x00004844        0x4 src/c/main.c.57.o
 .data.s_is_paused
                0x00004848        0x1 src/c/main.c.57.o
 .data.s_step_buf
                0x00004849       0x10 src/c/main.c.57.o
 .data.s_hr_buf
                0x00004859       0x10 src/c/main.c.57.o
 .data.s_dist_buf
                0x00004869       0x10 src/c/main.c.57.o
 .data.s_clock_buf
                0x00004879       0x10 src/c/main.c.57.o
 .data.s_time_sec_buf
                0x00004889        0x8 src/c/main.c.57.o
 .data.s_time_min_buf
                0x00004891        0x8 src/c/main.c.57.o
 .data.s_time_hour_buf
                0x00004899        0x8 src/c/main.c.57.o
 *fill*         0x000048a1        0x3 
 .data.MESSAGE_KEY_HR
                0x000048a4        0x4 src/message_keys.auto.c.57.o
                0x000048a4                MESSAGE_KEY_HR

.igot.plt       0x000048a8        0x0
 .igot.plt      0x000048a8        0x0 src/c/app_state.c.57.o

.got            0x000048a8        0x8
 .got           0x000048a8        0x8 src/c/app_state.c.57.o

.got.plt        0x000048b0        0xc
 .got.plt       0x000048b0        0xc src/c/app_state.c.57.o
                0x000048b0                _GLOBAL_OFFSET_TABLE_

.bss            0x000048c0      0xfa8
 *(.bss)
 *(.bss.*)
 .bss.s_map_open_requested
                0x000048c0        0x1 src/c/comm/comm_service.c.57.o
 .bss.s_has_hr_sensor
                0x000048c1        0x1 src/c/comm/comm_service.c.57.o
 *fill*         0x000048c2        0x2 
 .bss.s_current_activity_ptr
                0x000048c4        0x4 src/c/comm/comm_service.c.57.o
 .bss.s_is_long_workout_ptr
                0x000048c8        0x4 src/c/comm/comm_service.c.57.o
 .bss.s_is_paused_ptr
                0x000048cc        0x4 src/c/comm/comm_service.c.57.o
 .bss.s_app_state_ptr
                0x000048d0        0x4 src/c/comm/comm_service.c.57.o
 .bss.s_step_layer
                0x000048d4        0x4 src/c/comm/comm_service.c.57.o
 .bss.s_hr_layer
                0x000048d8        0x4 src/c/comm/comm_service.c.57.o
 .bss.s_dist_layer
                0x000048dc        0x4 src/c/comm/comm_service.c.57.o
 .bss.s_step_buf
                0x000048e0        0x4 src/c/comm/comm_service.c.57.o
 .bss.s_hr_buf  0x000048e4        0x4 src/c/comm/comm_service.c.57.o
 .bss.s_dist_buf
                0x000048e8        0x4 src/c/comm/comm_service.c.57.o
 .bss.s_time_sec_buf
                0x000048ec        0x4 src/c/comm/comm_service.c.57.o
 .bss.s_time_min_buf
                0x000048f0        0x4 src/c/comm/comm_service.c.57.o
 .bss.s_time_hour_buf
                0x000048f4        0x4 src/c/comm/comm_service.c.57.o
 .bss.s_graph_dirty_cb
                0x000048f8        0x4 src/c/comm/comm_service.c.57.o
 .bss.s_ui_update_cb
                0x000048fc        0x4 src/c/comm/comm_service.c.57.o
 .bss.s_graph_min_label
                0x00004900       0x10 src/c/comm/graph_data.c.57.o
 .bss.s_graph_max_label
                0x00004910       0x10 src/c/comm/graph_data.c.57.o
 .bss.s_graph_x_label
                0x00004920       0x10 src/c/comm/graph_data.c.57.o
 .bss.s_graph_y_label
                0x00004930       0x10 src/c/comm/graph_data.c.57.o
 .bss.s_last_user_lower_time
                0x00004940        0x4 src/c/comm/graph_data.c.57.o
 .bss.s_last_user_mid_time
                0x00004944        0x4 src/c/comm/graph_data.c.57.o
 .bss.s_is_id_protocol_active
                0x00004948        0x1 src/c/comm/graph_data.c.57.o
 *fill*         0x00004949        0x3 
 .bss.s_current_lower_mode
                0x0000494c        0x4 src/c/comm/graph_data.c.57.o
 .bss.s_lower_page_count
                0x00004950        0x4 src/c/comm/graph_data.c.57.o
 .bss.s_lower_pages
                0x00004954      0x348 src/c/comm/graph_data.c.57.o
 .bss.s_current_mid_mode
                0x00004c9c        0x4 src/c/comm/graph_data.c.57.o
 .bss.s_mid_page_count
                0x00004ca0        0x4 src/c/comm/graph_data.c.57.o
 .bss.s_mid_pages
                0x00004ca4      0x348 src/c/comm/graph_data.c.57.o
 .bss.s_graph_id
                0x00004fec        0x4 src/c/comm/graph_data.c.57.o
 .bss.s_graph_count
                0x00004ff0        0x4 src/c/comm/graph_data.c.57.o
 .bss.s_graph_data
                0x00004ff4       0xb4 src/c/comm/graph_data.c.57.o
 .bss.s_seconds_counter.0
                0x000050a8        0x4 src/c/main.c.57.o
 .bss.last_tick_app_state.1
                0x000050ac        0x1 src/c/main.c.57.o
 *fill*         0x000050ad        0x3 
 .bss.state0_demo_timer.2
                0x000050b0        0x4 src/c/main.c.57.o
 .bss.last_clock_buf.3
                0x000050b4       0x10 src/c/main.c.57.o
 *fill*         0x000050c4        0x4 
 .bss.s_long_click_start_time
                0x000050c8        0x8 src/c/main.c.57.o
 .bss.s_ignore_single_click
                0x000050d0        0x1 src/c/main.c.57.o
 *fill*         0x000050d1        0x3 
 .bss.s_ignore_single_click_timer
                0x000050d4        0x4 src/c/main.c.57.o
 .bss.s_rect_sec_3
                0x000050d8        0x8 src/c/main.c.57.o
 .bss.s_rect_col2_3
                0x000050e0        0x8 src/c/main.c.57.o
 .bss.s_rect_min_3
                0x000050e8        0x8 src/c/main.c.57.o
 .bss.s_rect_sec_5
                0x000050f0        0x8 src/c/main.c.57.o
 .bss.s_rect_col2_5
                0x000050f8        0x8 src/c/main.c.57.o
 .bss.s_rect_min_5
                0x00005100        0x8 src/c/main.c.57.o
 .bss.s_rect_col1_5
                0x00005108        0x8 src/c/main.c.57.o
 .bss.s_rect_hour_5
                0x00005110        0x8 src/c/main.c.57.o
 .bss.s_current_activity
                0x00005118        0x1 src/c/main.c.57.o
 .bss.s_has_hr_sensor
                0x00005119        0x1 src/c/main.c.57.o
 .bss.s_is_long_workout
                0x0000511a        0x1 src/c/main.c.57.o
 .bss.s_app_state
                0x0000511b        0x1 src/c/main.c.57.o
 .bss.s_current_icon_color_is_black
                0x0000511c        0x1 src/c/main.c.57.o
 .bss.s_icons_loaded
                0x0000511d        0x1 src/c/main.c.57.o
 *fill*         0x0000511e        0x2 
 .bss.s_icon_setting
                0x00005120        0x4 src/c/main.c.57.o
 .bss.s_icon_save
                0x00005124        0x4 src/c/main.c.57.o
 .bss.s_icon_graph
                0x00005128        0x4 src/c/main.c.57.o
 .bss.s_icon_down
                0x0000512c        0x4 src/c/main.c.57.o
 .bss.s_icon_up
                0x00005130        0x4 src/c/main.c.57.o
 .bss.s_icon_trash
                0x00005134        0x4 src/c/main.c.57.o
 .bss.s_icon_check
                0x00005138        0x4 src/c/main.c.57.o
 .bss.s_icon_stop
                0x0000513c        0x4 src/c/main.c.57.o
 .bss.s_icon_pause
                0x00005140        0x4 src/c/main.c.57.o
 .bss.s_icon_play
                0x00005144        0x4 src/c/main.c.57.o
 .bss.s_current_main_fg
                0x00005148        0x1 src/c/main.c.57.o
 .bss.s_current_main_bg
                0x00005149        0x1 src/c/main.c.57.o
 *fill*         0x0000514a        0x2 
 .bss.s_font_mid_data
                0x0000514c        0x4 src/c/main.c.57.o
 .bss.s_font_colon
                0x00005150        0x4 src/c/main.c.57.o
 .bss.s_font_long_time
                0x00005154        0x4 src/c/main.c.57.o
 .bss.s_font_huge_time
                0x00005158        0x4 src/c/main.c.57.o
 .bss.s_action_bar
                0x0000515c        0x4 src/c/main.c.57.o
 .bss.s_mid_bg_layer
                0x00005160        0x4 src/c/main.c.57.o
 .bss.s_graph_layer
                0x00005164        0x4 src/c/main.c.57.o
 .bss.s_step_layer
                0x00005168        0x4 src/c/main.c.57.o
 .bss.s_hr_layer
                0x0000516c        0x4 src/c/main.c.57.o
 .bss.s_dist_layer
                0x00005170        0x4 src/c/main.c.57.o
 .bss.s_clock_layer
                0x00005174        0x4 src/c/main.c.57.o
 .bss.s_time_sec_layer
                0x00005178        0x4 src/c/main.c.57.o
 .bss.s_time_colon2_layer
                0x0000517c        0x4 src/c/main.c.57.o
 .bss.s_time_min_layer
                0x00005180        0x4 src/c/main.c.57.o
 .bss.s_time_colon1_layer
                0x00005184        0x4 src/c/main.c.57.o
 .bss.s_time_hour_layer
                0x00005188        0x4 src/c/main.c.57.o
 .bss.s_main_window
                0x0000518c        0x4 src/c/main.c.57.o
 .bss.s_current_fg
                0x00005190        0x1 src/c/ui/ui_activity_picker.c.57.o
 .bss.s_current_bg
                0x00005191        0x1 src/c/ui/ui_activity_picker.c.57.o
 *fill*         0x00005192        0x2 
 .bss.s_preview_activity_idx
                0x00005194        0x4 src/c/ui/ui_activity_picker.c.57.o
 .bss.s_is_activity_picking
                0x00005198        0x1 src/c/ui/ui_activity_picker.c.57.o
 *fill*         0x00005199        0x3 
 .bss.s_activity_picker_layer
                0x0000519c        0x4 src/c/ui/ui_activity_picker.c.57.o
 .bss.s_is_intermediate_menu
                0x000051a0        0x1 src/c/ui/ui_intermediate_menu.c.57.o
 *fill*         0x000051a1        0x3 
 .bss.s_is_long_workout_ptr
                0x000051a4        0x4 src/c/ui/ui_map.c.57.o
 .bss.s_sec_ptr
                0x000051a8        0x4 src/c/ui/ui_map.c.57.o
 .bss.s_min_ptr
                0x000051ac        0x4 src/c/ui/ui_map.c.57.o
 .bss.s_hour_ptr
                0x000051b0        0x4 src/c/ui/ui_map.c.57.o
 .bss.s_clock_ptr
                0x000051b4        0x4 src/c/ui/ui_map.c.57.o
 .bss.s_has_received_data
                0x000051b8        0x1 src/c/ui/ui_map.c.57.o
 *fill*         0x000051b9        0x3 
 .bss.s_map_rle_len
                0x000051bc        0x4 src/c/ui/ui_map.c.57.o
 .bss.s_map_rle_data
                0x000051c0      0x600 src/c/ui/ui_map.c.57.o
 .bss.s_is_map_active
                0x000057c0        0x1 src/c/ui/ui_map.c.57.o
 *fill*         0x000057c1        0x3 
 .bss.s_map_layer
                0x000057c4        0x4 src/c/ui/ui_map.c.57.o
 .bss.msg_buf.0
                0x000057c8       0x40 src/c/ui/ui_marquee.c.57.o
 .bss.custom_msg_buf.1
                0x00005808       0x40 src/c/ui/ui_marquee.c.57.o
 .bss.s_current_app_state
                0x00005848        0x1 src/c/ui/ui_marquee.c.57.o
 .bss.s_current_bg
                0x00005849        0x1 src/c/ui/ui_marquee.c.57.o
 .bss.s_current_fg
                0x0000584a        0x1 src/c/ui/ui_marquee.c.57.o
 .bss.s_is_custom_marquee
                0x0000584b        0x1 src/c/ui/ui_marquee.c.57.o
 .bss.s_marquee_timer
                0x0000584c        0x4 src/c/ui/ui_marquee.c.57.o
 .bss.s_marquee_anim
                0x00005850        0x4 src/c/ui/ui_marquee.c.57.o
 .bss.s_msg_container_layer
                0x00005854        0x4 src/c/ui/ui_marquee.c.57.o
 .bss.s_msg_layer
                0x00005858        0x4 src/c/ui/ui_marquee.c.57.o
 .bss.s_graph_layer
                0x0000585c        0x4 src/c/ui/ui_marquee.c.57.o
 .bss.s_action_bar
                0x00005860        0x4 src/c/ui/ui_marquee.c.57.o
 .bss.s_window  0x00005864        0x4 src/c/ui/ui_marquee.c.57.o

DISCARD
 libc.a(*)
 libm.a(*)
 libgcc.a(*)
 *(.eh_frame)
OUTPUT(/home/naokiiwaoka/iron/build/aplite/pebble-app.elf elf32-littlearm)
LOAD linker stubs
LOAD /home/naokiiwaoka/.pebble-sdk/SDKs/4.33.1/toolchain/arm-none-eabi/bin/../lib/gcc/arm-none-eabi/14.2.1/../../../../arm-none-eabi/lib/thumb/v7-m/nofp/libc.a
LOAD /home/naokiiwaoka/.pebble-sdk/SDKs/4.33.1/toolchain/arm-none-eabi/bin/../lib/gcc/arm-none-eabi/14.2.1/../../../../arm-none-eabi/lib/thumb/v7-m/nofp/libm.a
LOAD /home/naokiiwaoka/.pebble-sdk/SDKs/4.33.1/toolchain/arm-none-eabi/bin/../lib/gcc/arm-none-eabi/14.2.1/thumb/v7-m/nofp/libgcc.a

.ARM.attributes
                0x00000000       0x29
 .ARM.attributes
                0x00000000       0x1d /home/naokiiwaoka/.pebble-sdk/SDKs/4.33.1/toolchain/arm-none-eabi/bin/../lib/gcc/arm-none-eabi/14.2.1/thumb/v7-m/nofp/crti.o
 .ARM.attributes
                0x0000001d       0x2d /home/naokiiwaoka/.pebble-sdk/SDKs/4.33.1/toolchain/arm-none-eabi/bin/../lib/gcc/arm-none-eabi/14.2.1/thumb/v7-m/nofp/crtbegin.o
 .ARM.attributes
                0x0000004a       0x1b /home/naokiiwaoka/.pebble-sdk/SDKs/4.33.1/toolchain/arm-none-eabi/bin/../lib/gcc/arm-none-eabi/14.2.1/../../../../arm-none-eabi/lib/thumb/v7-m/nofp/crt0.o
 .ARM.attributes
                0x00000065       0x2d src/c/app_state.c.57.o
 .ARM.attributes
                0x00000092       0x2d src/c/comm/comm_service.c.57.o
 .ARM.attributes
                0x000000bf       0x2d src/c/comm/graph_data.c.57.o
 .ARM.attributes
                0x000000ec       0x2d src/c/main.c.57.o
 .ARM.attributes
                0x00000119       0x2d src/c/ui/ui_activity_picker.c.57.o
 .ARM.attributes
                0x00000146       0x2d src/c/ui/ui_color_picker.c.57.o
 .ARM.attributes
                0x00000173       0x2d src/c/ui/ui_graph_layer.c.57.o
 .ARM.attributes
                0x000001a0       0x2d src/c/ui/ui_intermediate_menu.c.57.o
 .ARM.attributes
                0x000001cd       0x2d src/c/ui/ui_map.c.57.o
 .ARM.attributes
                0x000001fa       0x2d src/c/ui/ui_marquee.c.57.o
 .ARM.attributes
                0x00000227       0x2d aplite/appinfo.auto.c.57.o
 .ARM.attributes
                0x00000254       0x2d aplite/src/resource_ids.auto.c.57.o
 .ARM.attributes
                0x00000281       0x2d src/message_keys.auto.c.57.o
 .ARM.attributes
                0x000002ae       0x21 /home/naokiiwaoka/.pebble-sdk/SDKs/current/sdk-core/pebble/aplite/lib/libpebble.a(tmp7jpKUopebble.o)
 .ARM.attributes
                0x000002cf       0x2d /home/naokiiwaoka/.pebble-sdk/SDKs/4.33.1/toolchain/arm-none-eabi/bin/../lib/gcc/arm-none-eabi/14.2.1/../../../../arm-none-eabi/lib/thumb/v7-m/nofp/libc.a(libc_a-atexit.o)
 .ARM.attributes
                0x000002fc       0x2d /home/naokiiwaoka/.pebble-sdk/SDKs/4.33.1/toolchain/arm-none-eabi/bin/../lib/gcc/arm-none-eabi/14.2.1/../../../../arm-none-eabi/lib/thumb/v7-m/nofp/libc.a(libc_a-exit.o)
 .ARM.attributes
                0x00000329       0x2d /home/naokiiwaoka/.pebble-sdk/SDKs/4.33.1/toolchain/arm-none-eabi/bin/../lib/gcc/arm-none-eabi/14.2.1/../../../../arm-none-eabi/lib/thumb/v7-m/nofp/libc.a(libc_a-findfp.o)
 .ARM.attributes
                0x00000356       0x2d /home/naokiiwaoka/.pebble-sdk/SDKs/4.33.1/toolchain/arm-none-eabi/bin/../lib/gcc/arm-none-eabi/14.2.1/../../../../arm-none-eabi/lib/thumb/v7-m/nofp/libc.a(libc_a-fwalk.o)
 .ARM.attributes
                0x00000383       0x2d /home/naokiiwaoka/.pebble-sdk/SDKs/4.33.1/toolchain/arm-none-eabi/bin/../lib/gcc/arm-none-eabi/14.2.1/../../../../arm-none-eabi/lib/thumb/v7-m/nofp/libc.a(libc_a-stdio.o)
 .ARM.attributes
                0x000003b0       0x2d /home/naokiiwaoka/.pebble-sdk/SDKs/4.33.1/toolchain/arm-none-eabi/bin/../lib/gcc/arm-none-eabi/14.2.1/../../../../arm-none-eabi/lib/thumb/v7-m/nofp/libc.a(libc_a-closer.o)
 .ARM.attributes
                0x000003dd       0x2d /home/naokiiwaoka/.pebble-sdk/SDKs/4.33.1/toolchain/arm-none-eabi/bin/../lib/gcc/arm-none-eabi/14.2.1/../../../../arm-none-eabi/lib/thumb/v7-m/nofp/libc.a(libc_a-reent.o)
 .ARM.attributes
                0x0000040a       0x2d /home/naokiiwaoka/.pebble-sdk/SDKs/4.33.1/toolchain/arm-none-eabi/bin/../lib/gcc/arm-none-eabi/14.2.1/../../../../arm-none-eabi/lib/thumb/v7-m/nofp/libc.a(libc_a-impure.o)
 .ARM.attributes
                0x00000437       0x2d /home/naokiiwaoka/.pebble-sdk/SDKs/4.33.1/toolchain/arm-none-eabi/bin/../lib/gcc/arm-none-eabi/14.2.1/../../../../arm-none-eabi/lib/thumb/v7-m/nofp/libc.a(libc_a-lseekr.o)
 .ARM.attributes
                0x00000464       0x2d /home/naokiiwaoka/.pebble-sdk/SDKs/4.33.1/toolchain/arm-none-eabi/bin/../lib/gcc/arm-none-eabi/14.2.1/../../../../arm-none-eabi/lib/thumb/v7-m/nofp/libc.a(libc_a-readr.o)
 .ARM.attributes
                0x00000491       0x2d /home/naokiiwaoka/.pebble-sdk/SDKs/4.33.1/toolchain/arm-none-eabi/bin/../lib/gcc/arm-none-eabi/14.2.1/../../../../arm-none-eabi/lib/thumb/v7-m/nofp/libc.a(libc_a-writer.o)
 .ARM.attributes
                0x000004be       0x2d /home/naokiiwaoka/.pebble-sdk/SDKs/4.33.1/toolchain/arm-none-eabi/bin/../lib/gcc/arm-none-eabi/14.2.1/../../../../arm-none-eabi/lib/thumb/v7-m/nofp/libc.a(libc_a-init.o)
 .ARM.attributes
                0x000004eb       0x2d /home/naokiiwaoka/.pebble-sdk/SDKs/4.33.1/toolchain/arm-none-eabi/bin/../lib/gcc/arm-none-eabi/14.2.1/../../../../arm-none-eabi/lib/thumb/v7-m/nofp/libc.a(libc_a-fini.o)
 .ARM.attributes
                0x00000518       0x2d /home/naokiiwaoka/.pebble-sdk/SDKs/4.33.1/toolchain/arm-none-eabi/bin/../lib/gcc/arm-none-eabi/14.2.1/../../../../arm-none-eabi/lib/thumb/v7-m/nofp/libc.a(libc_a-lock.o)
 .ARM.attributes
                0x00000545       0x2d /home/naokiiwaoka/.pebble-sdk/SDKs/4.33.1/toolchain/arm-none-eabi/bin/../lib/gcc/arm-none-eabi/14.2.1/../../../../arm-none-eabi/lib/thumb/v7-m/nofp/libc.a(libc_a-__atexit.o)
 .ARM.attributes
                0x00000572       0x2d /home/naokiiwaoka/.pebble-sdk/SDKs/4.33.1/toolchain/arm-none-eabi/bin/../lib/gcc/arm-none-eabi/14.2.1/../../../../arm-none-eabi/lib/thumb/v7-m/nofp/libc.a(libc_a-__call_atexit.o)
 .ARM.attributes
                0x0000059f       0x2d /home/naokiiwaoka/.pebble-sdk/SDKs/4.33.1/toolchain/arm-none-eabi/bin/../lib/gcc/arm-none-eabi/14.2.1/../../../../arm-none-eabi/lib/thumb/v7-m/nofp/libc.a(libc_a-freer.o)
 .ARM.attributes
                0x000005cc       0x2d /home/naokiiwaoka/.pebble-sdk/SDKs/4.33.1/toolchain/arm-none-eabi/bin/../lib/gcc/arm-none-eabi/14.2.1/../../../../arm-none-eabi/lib/thumb/v7-m/nofp/libc.a(libc_a-mallocr.o)
 .ARM.attributes
                0x000005f9       0x2d /home/naokiiwaoka/.pebble-sdk/SDKs/4.33.1/toolchain/arm-none-eabi/bin/../lib/gcc/arm-none-eabi/14.2.1/../../../../arm-none-eabi/lib/thumb/v7-m/nofp/libc.a(libc_a-mlock.o)
 .ARM.attributes
                0x00000626       0x2d /home/naokiiwaoka/.pebble-sdk/SDKs/4.33.1/toolchain/arm-none-eabi/bin/../lib/gcc/arm-none-eabi/14.2.1/../../../../arm-none-eabi/lib/thumb/v7-m/nofp/libc.a(libc_a-fclose.o)
 .ARM.attributes
                0x00000653       0x2d /home/naokiiwaoka/.pebble-sdk/SDKs/4.33.1/toolchain/arm-none-eabi/bin/../lib/gcc/arm-none-eabi/14.2.1/../../../../arm-none-eabi/lib/thumb/v7-m/nofp/libc.a(libc_a-fflush.o)
 .ARM.attributes
                0x00000680       0x2d /home/naokiiwaoka/.pebble-sdk/SDKs/4.33.1/toolchain/arm-none-eabi/bin/../lib/gcc/arm-none-eabi/14.2.1/../../../../arm-none-eabi/lib/thumb/v7-m/nofp/libc.a(libc_a-sbrkr.o)
 .ARM.attributes
                0x000006ad       0x2d /home/naokiiwaoka/.pebble-sdk/SDKs/4.33.1/toolchain/arm-none-eabi/bin/../lib/gcc/arm-none-eabi/14.2.1/../../../../arm-none-eabi/lib/thumb/v7-m/nofp/libc.a(libc_a-sysconf.o)
 .ARM.attributes
                0x000006da       0x2d /home/naokiiwaoka/.pebble-sdk/SDKs/4.33.1/toolchain/arm-none-eabi/bin/../lib/gcc/arm-none-eabi/14.2.1/../../../../arm-none-eabi/lib/thumb/v7-m/nofp/libc.a(libc_a-errno.o)
 .ARM.attributes
                0x00000707       0x2d /home/naokiiwaoka/.pebble-sdk/SDKs/4.33.1/toolchain/arm-none-eabi/bin/../lib/gcc/arm-none-eabi/14.2.1/thumb/v7-m/nofp/crtend.o
 .ARM.attributes
                0x00000734       0x1d /home/naokiiwaoka/.pebble-sdk/SDKs/4.33.1/toolchain/arm-none-eabi/bin/../lib/gcc/arm-none-eabi/14.2.1/thumb/v7-m/nofp/crtn.o

.comment        0x00000000       0x39
 .comment       0x00000000       0x39 /home/naokiiwaoka/.pebble-sdk/SDKs/4.33.1/toolchain/arm-none-eabi/bin/../lib/gcc/arm-none-eabi/14.2.1/thumb/v7-m/nofp/crtbegin.o
                                 0x3a (size before relaxing)
 .comment       0x00000039       0x3a src/c/app_state.c.57.o
 .comment       0x00000039       0x3a src/c/comm/comm_service.c.57.o
 .comment       0x00000039       0x3a src/c/comm/graph_data.c.57.o
 .comment       0x00000039       0x3a src/c/main.c.57.o
 .comment       0x00000039       0x3a src/c/ui/ui_activity_picker.c.57.o
 .comment       0x00000039       0x3a src/c/ui/ui_color_picker.c.57.o
 .comment       0x00000039       0x3a src/c/ui/ui_graph_layer.c.57.o
 .comment       0x00000039       0x3a src/c/ui/ui_intermediate_menu.c.57.o
 .comment       0x00000039       0x3a src/c/ui/ui_map.c.57.o
 .comment       0x00000039       0x3a src/c/ui/ui_marquee.c.57.o
 .comment       0x00000039       0x3a aplite/appinfo.auto.c.57.o
 .comment       0x00000039       0x3a aplite/src/resource_ids.auto.c.57.o
 .comment       0x00000039       0x3a src/message_keys.auto.c.57.o
 .comment       0x00000039       0x3a /home/naokiiwaoka/.pebble-sdk/SDKs/4.33.1/toolchain/arm-none-eabi/bin/../lib/gcc/arm-none-eabi/14.2.1/../../../../arm-none-eabi/lib/thumb/v7-m/nofp/libc.a(libc_a-atexit.o)
 .comment       0x00000039       0x3a /home/naokiiwaoka/.pebble-sdk/SDKs/4.33.1/toolchain/arm-none-eabi/bin/../lib/gcc/arm-none-eabi/14.2.1/../../../../arm-none-eabi/lib/thumb/v7-m/nofp/libc.a(libc_a-exit.o)
 .comment       0x00000039       0x3a /home/naokiiwaoka/.pebble-sdk/SDKs/4.33.1/toolchain/arm-none-eabi/bin/../lib/gcc/arm-none-eabi/14.2.1/../../../../arm-none-eabi/lib/thumb/v7-m/nofp/libc.a(libc_a-findfp.o)
 .comment       0x00000039       0x3a /home/naokiiwaoka/.pebble-sdk/SDKs/4.33.1/toolchain/arm-none-eabi/bin/../lib/gcc/arm-none-eabi/14.2.1/../../../../arm-none-eabi/lib/thumb/v7-m/nofp/libc.a(libc_a-fwalk.o)
 .comment       0x00000039       0x3a /home/naokiiwaoka/.pebble-sdk/SDKs/4.33.1/toolchain/arm-none-eabi/bin/../lib/gcc/arm-none-eabi/14.2.1/../../../../arm-none-eabi/lib/thumb/v7-m/nofp/libc.a(libc_a-stdio.o)
 .comment       0x00000039       0x3a /home/naokiiwaoka/.pebble-sdk/SDKs/4.33.1/toolchain/arm-none-eabi/bin/../lib/gcc/arm-none-eabi/14.2.1/../../../../arm-none-eabi/lib/thumb/v7-m/nofp/libc.a(libc_a-closer.o)
 .comment       0x00000039       0x3a /home/naokiiwaoka/.pebble-sdk/SDKs/4.33.1/toolchain/arm-none-eabi/bin/../lib/gcc/arm-none-eabi/14.2.1/../../../../arm-none-eabi/lib/thumb/v7-m/nofp/libc.a(libc_a-reent.o)
 .comment       0x00000039       0x3a /home/naokiiwaoka/.pebble-sdk/SDKs/4.33.1/toolchain/arm-none-eabi/bin/../lib/gcc/arm-none-eabi/14.2.1/../../../../arm-none-eabi/lib/thumb/v7-m/nofp/libc.a(libc_a-impure.o)
 .comment       0x00000039       0x3a /home/naokiiwaoka/.pebble-sdk/SDKs/4.33.1/toolchain/arm-none-eabi/bin/../lib/gcc/arm-none-eabi/14.2.1/../../../../arm-none-eabi/lib/thumb/v7-m/nofp/libc.a(libc_a-lseekr.o)
 .comment       0x00000039       0x3a /home/naokiiwaoka/.pebble-sdk/SDKs/4.33.1/toolchain/arm-none-eabi/bin/../lib/gcc/arm-none-eabi/14.2.1/../../../../arm-none-eabi/lib/thumb/v7-m/nofp/libc.a(libc_a-readr.o)
 .comment       0x00000039       0x3a /home/naokiiwaoka/.pebble-sdk/SDKs/4.33.1/toolchain/arm-none-eabi/bin/../lib/gcc/arm-none-eabi/14.2.1/../../../../arm-none-eabi/lib/thumb/v7-m/nofp/libc.a(libc_a-writer.o)
 .comment       0x00000039       0x3a /home/naokiiwaoka/.pebble-sdk/SDKs/4.33.1/toolchain/arm-none-eabi/bin/../lib/gcc/arm-none-eabi/14.2.1/../../../../arm-none-eabi/lib/thumb/v7-m/nofp/libc.a(libc_a-init.o)
 .comment       0x00000039       0x3a /home/naokiiwaoka/.pebble-sdk/SDKs/4.33.1/toolchain/arm-none-eabi/bin/../lib/gcc/arm-none-eabi/14.2.1/../../../../arm-none-eabi/lib/thumb/v7-m/nofp/libc.a(libc_a-fini.o)
 .comment       0x00000039       0x3a /home/naokiiwaoka/.pebble-sdk/SDKs/4.33.1/toolchain/arm-none-eabi/bin/../lib/gcc/arm-none-eabi/14.2.1/../../../../arm-none-eabi/lib/thumb/v7-m/nofp/libc.a(libc_a-lock.o)
 .comment       0x00000039       0x3a /home/naokiiwaoka/.pebble-sdk/SDKs/4.33.1/toolchain/arm-none-eabi/bin/../lib/gcc/arm-none-eabi/14.2.1/../../../../arm-none-eabi/lib/thumb/v7-m/nofp/libc.a(libc_a-__atexit.o)
 .comment       0x00000039       0x3a /home/naokiiwaoka/.pebble-sdk/SDKs/4.33.1/toolchain/arm-none-eabi/bin/../lib/gcc/arm-none-eabi/14.2.1/../../../../arm-none-eabi/lib/thumb/v7-m/nofp/libc.a(libc_a-__call_atexit.o)
 .comment       0x00000039       0x3a /home/naokiiwaoka/.pebble-sdk/SDKs/4.33.1/toolchain/arm-none-eabi/bin/../lib/gcc/arm-none-eabi/14.2.1/../../../../arm-none-eabi/lib/thumb/v7-m/nofp/libc.a(libc_a-freer.o)
 .comment       0x00000039       0x3a /home/naokiiwaoka/.pebble-sdk/SDKs/4.33.1/toolchain/arm-none-eabi/bin/../lib/gcc/arm-none-eabi/14.2.1/../../../../arm-none-eabi/lib/thumb/v7-m/nofp/libc.a(libc_a-mallocr.o)
 .comment       0x00000039       0x3a /home/naokiiwaoka/.pebble-sdk/SDKs/4.33.1/toolchain/arm-none-eabi/bin/../lib/gcc/arm-none-eabi/14.2.1/../../../../arm-none-eabi/lib/thumb/v7-m/nofp/libc.a(libc_a-mlock.o)
 .comment       0x00000039       0x3a /home/naokiiwaoka/.pebble-sdk/SDKs/4.33.1/toolchain/arm-none-eabi/bin/../lib/gcc/arm-none-eabi/14.2.1/../../../../arm-none-eabi/lib/thumb/v7-m/nofp/libc.a(libc_a-fclose.o)
 .comment       0x00000039       0x3a /home/naokiiwaoka/.pebble-sdk/SDKs/4.33.1/toolchain/arm-none-eabi/bin/../lib/gcc/arm-none-eabi/14.2.1/../../../../arm-none-eabi/lib/thumb/v7-m/nofp/libc.a(libc_a-fflush.o)
 .comment       0x00000039       0x3a /home/naokiiwaoka/.pebble-sdk/SDKs/4.33.1/toolchain/arm-none-eabi/bin/../lib/gcc/arm-none-eabi/14.2.1/../../../../arm-none-eabi/lib/thumb/v7-m/nofp/libc.a(libc_a-sbrkr.o)
 .comment       0x00000039       0x3a /home/naokiiwaoka/.pebble-sdk/SDKs/4.33.1/toolchain/arm-none-eabi/bin/../lib/gcc/arm-none-eabi/14.2.1/../../../../arm-none-eabi/lib/thumb/v7-m/nofp/libc.a(libc_a-sysconf.o)
 .comment       0x00000039       0x3a /home/naokiiwaoka/.pebble-sdk/SDKs/4.33.1/toolchain/arm-none-eabi/bin/../lib/gcc/arm-none-eabi/14.2.1/../../../../arm-none-eabi/lib/thumb/v7-m/nofp/libc.a(libc_a-errno.o)
 .comment       0x00000039       0x3a /home/naokiiwaoka/.pebble-sdk/SDKs/4.33.1/toolchain/arm-none-eabi/bin/../lib/gcc/arm-none-eabi/14.2.1/thumb/v7-m/nofp/crtend.o

.debug_info     0x00000000     0xacdc
 .debug_info    0x00000000       0xf1 src/c/app_state.c.57.o
 .debug_info    0x000000f1     0x10d1 src/c/comm/comm_service.c.57.o
 .debug_info    0x000011c2      0xffd src/c/comm/graph_data.c.57.o
 .debug_info    0x000021bf     0x3341 src/c/main.c.57.o
 .debug_info    0x00005500      0xaaf src/c/ui/ui_activity_picker.c.57.o
 .debug_info    0x00005faf       0x73 src/c/ui/ui_color_picker.c.57.o
 .debug_info    0x00006022     0x197e src/c/ui/ui_graph_layer.c.57.o
 .debug_info    0x000079a0      0x9c0 src/c/ui/ui_intermediate_menu.c.57.o
 .debug_info    0x00008360     0x137f src/c/ui/ui_map.c.57.o
 .debug_info    0x000096df      0xfa5 src/c/ui/ui_marquee.c.57.o
 .debug_info    0x0000a684      0x33e aplite/appinfo.auto.c.57.o
 .debug_info    0x0000a9c2      0x1cd aplite/src/resource_ids.auto.c.57.o
 .debug_info    0x0000ab8f      0x14d src/message_keys.auto.c.57.o

.debug_abbrev   0x00000000     0x1e96
 .debug_abbrev  0x00000000       0x86 src/c/app_state.c.57.o
 .debug_abbrev  0x00000086      0x398 src/c/comm/comm_service.c.57.o
 .debug_abbrev  0x0000041e      0x34b src/c/comm/graph_data.c.57.o
 .debug_abbrev  0x00000769      0x563 src/c/main.c.57.o
 .debug_abbrev  0x00000ccc      0x2d3 src/c/ui/ui_activity_picker.c.57.o
 .debug_abbrev  0x00000f9f       0x26 src/c/ui/ui_color_picker.c.57.o
 .debug_abbrev  0x00000fc5      0x390 src/c/ui/ui_graph_layer.c.57.o
 .debug_abbrev  0x00001355      0x2f6 src/c/ui/ui_intermediate_menu.c.57.o
 .debug_abbrev  0x0000164b      0x3ed src/c/ui/ui_map.c.57.o
 .debug_abbrev  0x00001a38      0x311 src/c/ui/ui_marquee.c.57.o
 .debug_abbrev  0x00001d49       0xb9 aplite/appinfo.auto.c.57.o
 .debug_abbrev  0x00001e02       0x4a aplite/src/resource_ids.auto.c.57.o
 .debug_abbrev  0x00001e4c       0x4a src/message_keys.auto.c.57.o

.debug_aranges  0x00000000      0x4a0
 .debug_aranges
                0x00000000       0x18 src/c/app_state.c.57.o
 .debug_aranges
                0x00000018       0x88 src/c/comm/comm_service.c.57.o
 .debug_aranges
                0x000000a0      0x110 src/c/comm/graph_data.c.57.o
 .debug_aranges
                0x000001b0       0xc0 src/c/main.c.57.o
 .debug_aranges
                0x00000270       0x60 src/c/ui/ui_activity_picker.c.57.o
 .debug_aranges
                0x000002d0       0x18 src/c/ui/ui_color_picker.c.57.o
 .debug_aranges
                0x000002e8       0x30 src/c/ui/ui_graph_layer.c.57.o
 .debug_aranges
                0x00000318       0x60 src/c/ui/ui_intermediate_menu.c.57.o
 .debug_aranges
                0x00000378       0x58 src/c/ui/ui_map.c.57.o
 .debug_aranges
                0x000003d0       0x88 src/c/ui/ui_marquee.c.57.o
 .debug_aranges
                0x00000458       0x18 aplite/appinfo.auto.c.57.o
 .debug_aranges
                0x00000470       0x18 aplite/src/resource_ids.auto.c.57.o
 .debug_aranges
                0x00000488       0x18 src/message_keys.auto.c.57.o

.debug_line     0x00000000     0x5a41
 .debug_line    0x00000000       0x44 src/c/app_state.c.57.o
 .debug_line    0x00000044      0xa04 src/c/comm/comm_service.c.57.o
 .debug_line    0x00000a48      0xde4 src/c/comm/graph_data.c.57.o
 .debug_line    0x0000182c     0x181d src/c/main.c.57.o
 .debug_line    0x00003049      0x4de src/c/ui/ui_activity_picker.c.57.o
 .debug_line    0x00003527       0x3e src/c/ui/ui_color_picker.c.57.o
 .debug_line    0x00003565      0xe8d src/c/ui/ui_graph_layer.c.57.o
 .debug_line    0x000043f2      0x469 src/c/ui/ui_intermediate_menu.c.57.o
 .debug_line    0x0000485b      0x745 src/c/ui/ui_map.c.57.o
 .debug_line    0x00004fa0      0x706 src/c/ui/ui_marquee.c.57.o
 .debug_line    0x000056a6      0x16a aplite/appinfo.auto.c.57.o
 .debug_line    0x00005810      0x11c aplite/src/resource_ids.auto.c.57.o
 .debug_line    0x0000592c      0x115 src/message_keys.auto.c.57.o

.debug_str      0x00000000     0x31a7
 .debug_str     0x00000000     0x31a7 src/c/app_state.c.57.o
                                0x1e6 (size before relaxing)
 .debug_str     0x000031a7      0xc64 src/c/comm/comm_service.c.57.o
 .debug_str     0x000031a7      0x7e4 src/c/comm/graph_data.c.57.o
 .debug_str     0x000031a7     0x1782 src/c/main.c.57.o
 .debug_str     0x000031a7      0x79a src/c/ui/ui_activity_picker.c.57.o
 .debug_str     0x000031a7      0x15d src/c/ui/ui_color_picker.c.57.o
 .debug_str     0x000031a7      0x7f5 src/c/ui/ui_graph_layer.c.57.o
 .debug_str     0x000031a7      0x771 src/c/ui/ui_intermediate_menu.c.57.o
 .debug_str     0x000031a7      0x8c0 src/c/ui/ui_map.c.57.o
 .debug_str     0x000031a7      0xabe src/c/ui/ui_marquee.c.57.o
 .debug_str     0x000031a7      0x4bf aplite/appinfo.auto.c.57.o
 .debug_str     0x000031a7      0x3d0 aplite/src/resource_ids.auto.c.57.o
 .debug_str     0x000031a7      0x273 src/message_keys.auto.c.57.o

.debug_loclists
                0x00000000     0x3cc5
 .debug_loclists
                0x00000000      0x4a9 src/c/comm/comm_service.c.57.o
 .debug_loclists
                0x000004a9      0x396 src/c/comm/graph_data.c.57.o
 .debug_loclists
                0x0000083f      0xe12 src/c/main.c.57.o
 .debug_loclists
                0x00001651      0x364 src/c/ui/ui_activity_picker.c.57.o
 .debug_loclists
                0x000019b5     0x1662 src/c/ui/ui_graph_layer.c.57.o
 .debug_loclists
                0x00003017      0x2e5 src/c/ui/ui_intermediate_menu.c.57.o
 .debug_loclists
                0x000032fc      0x653 src/c/ui/ui_map.c.57.o
 .debug_loclists
                0x0000394f      0x376 src/c/ui/ui_marquee.c.57.o

.debug_rnglists
                0x00000000      0x5ce
 .debug_rnglists
                0x00000000       0x87 src/c/comm/comm_service.c.57.o
 .debug_rnglists
                0x00000087      0x14f src/c/comm/graph_data.c.57.o
 .debug_rnglists
                0x000001d6      0x120 src/c/main.c.57.o
 .debug_rnglists
                0x000002f6       0x45 src/c/ui/ui_activity_picker.c.57.o
 .debug_rnglists
                0x0000033b      0x160 src/c/ui/ui_graph_layer.c.57.o
 .debug_rnglists
                0x0000049b       0x45 src/c/ui/ui_intermediate_menu.c.57.o
 .debug_rnglists
                0x000004e0       0x89 src/c/ui/ui_map.c.57.o
 .debug_rnglists
                0x00000569       0x65 src/c/ui/ui_marquee.c.57.o

.debug_frame    0x00000000      0xc60
 .debug_frame   0x00000000      0x17c src/c/comm/comm_service.c.57.o
 .debug_frame   0x0000017c      0x2d4 src/c/comm/graph_data.c.57.o
 .debug_frame   0x00000450      0x2bc src/c/main.c.57.o
 .debug_frame   0x0000070c       0xfc src/c/ui/ui_activity_picker.c.57.o
 .debug_frame   0x00000808       0xc4 src/c/ui/ui_graph_layer.c.57.o
 .debug_frame   0x000008cc       0xf4 src/c/ui/ui_intermediate_menu.c.57.o
 .debug_frame   0x000009c0       0xfc src/c/ui/ui_map.c.57.o
 .debug_frame   0x00000abc      0x1a4 src/c/ui/ui_marquee.c.57.o
